main.c:110:5:main	32	static,ignoring_inline_asm
main.c:240:6:SystemClock_Config	120	static
main.c:304:13:MX_CRC_Init	8	static
main.c:335:13:MX_DMA2D_Init	8	static
main.c:364:13:MX_LTDC_Init	64	static
main.c:426:13:MX_QUADSPI_Init	8	static
main.c:460:13:MX_SPI2_Init	8	static
main.c:508:13:MX_USART3_UART_Init	8	static
main.c:552:6:MX_FMC_Init	40	static
main.c:603:13:MX_GPIO_Init	72	static
main.c:693:6:StartDefaultTask	16	static
main.c:715:13:TouchGFX_Task	16	static
main.c:728:6:MPU_Config	24	static
main.c:769:6:HAL_TIM_PeriodElapsedCallback	16	static
main.c:786:6:Error_Handler	4	static,ignoring_inline_asm
