main.c:109:5:main	32	static,ignoring_inline_asm
main.c:239:6:SystemClock_Config	120	static
main.c:301:13:MX_CRC_Init	8	static
main.c:332:13:MX_DMA2D_Init	8	static
main.c:361:13:MX_LTDC_Init	64	static
main.c:423:13:MX_QUADSPI_Init	8	static
main.c:457:13:MX_SPI2_Init	8	static
main.c:505:13:MX_USART3_UART_Init	8	static
main.c:549:6:MX_FMC_Init	40	static
main.c:600:13:MX_GPIO_Init	72	static
main.c:690:6:StartDefaultTask	16	static
main.c:709:13:TouchGFX_Task	16	static
main.c:722:6:MPU_Config	24	static
main.c:763:6:HAL_TIM_PeriodElapsedCallback	16	static
main.c:780:6:Error_Handler	4	static,ignoring_inline_asm
