18:26:57 **** Incremental Build of configuration Debug for project stm32h745i_disco_CM7 ****
make -j12 all 
arm-none-eabi-gcc "../Application/User/Core/usb/usbd_storage_if.c" -mcpu=cortex-m7 -std=gnu11 -g3 -DDEBUG -DCORE_CM7 -DUSE_HAL_DRIVER -DSTM32H745xx -c -I../../../CM7/Core/Inc -I../../../CM7/TouchGFX/App -I../../../CM7/TouchGFX/target/generated -I../../../CM7/TouchGFX/target -I../../../Drivers/STM32H7xx_HAL_Driver/Inc -I../../../Drivers/STM32H7xx_HAL_Driver/Inc/Legacy -I../../../Middlewares/Third_Party/FreeRTOS/Source/include -I../../../Middlewares/Third_Party/FreeRTOS/Source/CMSIS_RTOS_V2 -I../../../Middlewares/Third_Party/FreeRTOS/Source/portable/GCC/ARM_CM4F -I../../../Drivers/CMSIS/Device/ST/STM32H7xx/Include -I../../../Drivers/CMSIS/Include -I../../CM7/../../CM7/Middlewares/ST/touchgfx/framework/include -I../../../Drivers/BSP/STM32H745I-DISCO -I../../../Drivers/BSP/Components/Common -I../../../Drivers/BSP/Components/mt25tl01g -I../../../Drivers/BSP/Components/ft5336 -I../../../Drivers/BSP/Components/mt48lc4m32b2 -I../../CM7/../../CM7/TouchGFX/generated/fonts/include -I../../CM7/../../CM7/TouchGFX/generated/gui_generated/include -I../../CM7/../../CM7/TouchGFX/generated/images/include -I../../CM7/../../CM7/TouchGFX/generated/texts/include -I../../CM7/../../CM7/TouchGFX/generated/videos/include -I../../CM7/../../CM7/TouchGFX/gui/include -I"C:/TouchGFXProjects/UWBSurveying/STM32CubeIDE/CM7/Application/User/Core/usb" -O0 -ffunction-sections -fdata-sections -Wall -fstack-usage -MMD -MP -MF"Application/User/Core/usb/usbd_storage_if.d" -MT"Application/User/Core/usb/usbd_storage_if.o" --specs=nano.specs -mfpu=fpv5-d16 -mfloat-abi=hard -mthumb -o "Application/User/Core/usb/usbd_storage_if.o"
arm-none-eabi-g++ -o "stm32h745i_disco_CM7.elf" @"objects.list"  -l:libtouchgfx-float-abi-hard.a -mcpu=cortex-m7 -T"C:\TouchGFXProjects\UWBSurveying\STM32CubeIDE\CM7\STM32H745XIHX_FLASH.ld" --specs=nosys.specs -Wl,-Map="stm32h745i_disco_CM7.map" -Wl,--gc-sections -static -LC:/dev/at_dev/at/stm32h745i_disco/STM32H745I_DISCO/CM7/Middlewares/ST/touchgfx/lib/core/cortex_m7/gcc -LC:/git/stm32h745i_disco/STM32H745I_DISCO/CM7/Middlewares/ST/touchgfx/lib/core/cortex_m7/gcc -LC:/TouchGFXProjects/UWBSurveying/CM7/Middlewares/ST/touchgfx/lib/core/cortex_m7/gcc --specs=nano.specs -mfpu=fpv5-d16 -mfloat-abi=hard -mthumb -Wl,--start-group -lc -lm -lstdc++ -lsupc++ -Wl,--end-group
Finished building target: stm32h745i_disco_CM7.elf
 
arm-none-eabi-size   stm32h745i_disco_CM7.elf 
arm-none-eabi-objdump -h -S  stm32h745i_disco_CM7.elf  > "stm32h745i_disco_CM7.list"
arm-none-eabi-objcopy  -O ihex  stm32h745i_disco_CM7.elf  "stm32h745i_disco_CM7.hex"
   text	   data	    bss	    dec	    hex	filename
 221776	    700	  57600	 280076	  4460c	stm32h745i_disco_CM7.elf
Finished building: default.size.stdout
 
Finished building: stm32h745i_disco_CM7.hex
 
Finished building: stm32h745i_disco_CM7.list
 
18:27:43 **** Incremental Build of configuration Debug for project stm32h745i_disco_CM7 ****
make -j12 all 
arm-none-eabi-size   stm32h745i_disco_CM7.elf 
   text	   data	    bss	    dec	    hex	filename
 221776	    700	  57600	 280076	  4460c	stm32h745i_disco_CM7.elf
Finished building: default.size.stdout
 
20:53:59 **** Incremental Build of configuration Debug for project stm32h745i_disco_CM7 ****
make -j12 all 
arm-none-eabi-gcc "../Application/User/Core/usb/usbd_storage_if.c" -mcpu=cortex-m7 -std=gnu11 -g3 -DDEBUG -DCORE_CM7 -DUSE_HAL_DRIVER -DSTM32H745xx -c -I../../../CM7/Core/Inc -I../../../CM7/TouchGFX/App -I../../../CM7/TouchGFX/target/generated -I../../../CM7/TouchGFX/target -I../../../Drivers/STM32H7xx_HAL_Driver/Inc -I../../../Drivers/STM32H7xx_HAL_Driver/Inc/Legacy -I../../../Middlewares/Third_Party/FreeRTOS/Source/include -I../../../Middlewares/Third_Party/FreeRTOS/Source/CMSIS_RTOS_V2 -I../../../Middlewares/Third_Party/FreeRTOS/Source/portable/GCC/ARM_CM4F -I../../../Drivers/CMSIS/Device/ST/STM32H7xx/Include -I../../../Drivers/CMSIS/Include -I../../CM7/../../CM7/Middlewares/ST/touchgfx/framework/include -I../../../Drivers/BSP/STM32H745I-DISCO -I../../../Drivers/BSP/Components/Common -I../../../Drivers/BSP/Components/mt25tl01g -I../../../Drivers/BSP/Components/ft5336 -I../../../Drivers/BSP/Components/mt48lc4m32b2 -I../../CM7/../../CM7/TouchGFX/generated/fonts/include -I../../CM7/../../CM7/TouchGFX/generated/gui_generated/include -I../../CM7/../../CM7/TouchGFX/generated/images/include -I../../CM7/../../CM7/TouchGFX/generated/texts/include -I../../CM7/../../CM7/TouchGFX/generated/videos/include -I../../CM7/../../CM7/TouchGFX/gui/include -I"C:/TouchGFXProjects/UWBSurveying/STM32CubeIDE/CM7/Application/User/Core/usb" -O0 -ffunction-sections -fdata-sections -Wall -fstack-usage -MMD -MP -MF"Application/User/Core/usb/usbd_storage_if.d" -MT"Application/User/Core/usb/usbd_storage_if.o" --specs=nano.specs -mfpu=fpv5-d16 -mfloat-abi=hard -mthumb -o "Application/User/Core/usb/usbd_storage_if.o"
arm-none-eabi-g++ -o "stm32h745i_disco_CM7.elf" @"objects.list"  -l:libtouchgfx-float-abi-hard.a -mcpu=cortex-m7 -T"C:\TouchGFXProjects\UWBSurveying\STM32CubeIDE\CM7\STM32H745XIHX_FLASH.ld" --specs=nosys.specs -Wl,-Map="stm32h745i_disco_CM7.map" -Wl,--gc-sections -static -LC:/dev/at_dev/at/stm32h745i_disco/STM32H745I_DISCO/CM7/Middlewares/ST/touchgfx/lib/core/cortex_m7/gcc -LC:/git/stm32h745i_disco/STM32H745I_DISCO/CM7/Middlewares/ST/touchgfx/lib/core/cortex_m7/gcc -LC:/TouchGFXProjects/UWBSurveying/CM7/Middlewares/ST/touchgfx/lib/core/cortex_m7/gcc --specs=nano.specs -mfpu=fpv5-d16 -mfloat-abi=hard -mthumb -Wl,--start-group -lc -lm -lstdc++ -lsupc++ -Wl,--end-group
Finished building target: stm32h745i_disco_CM7.elf
 
arm-none-eabi-size   stm32h745i_disco_CM7.elf 
arm-none-eabi-objdump -h -S  stm32h745i_disco_CM7.elf  > "stm32h745i_disco_CM7.list"
arm-none-eabi-objcopy  -O ihex  stm32h745i_disco_CM7.elf  "stm32h745i_disco_CM7.hex"
   text	   data	    bss	    dec	    hex	filename
 221776	    700	 123136	 345612	  5460c	stm32h745i_disco_CM7.elf
Finished building: default.size.stdout
 
Finished building: stm32h745i_disco_CM7.hex
 
Finished building: stm32h745i_disco_CM7.list
 
21:02:22 **** Incremental Build of configuration Debug for project stm32h745i_disco_CM7 ****
make -j12 all 
arm-none-eabi-gcc "../Application/User/Core/usb/usbd_storage_if.c" -mcpu=cortex-m7 -std=gnu11 -g3 -DDEBUG -DCORE_CM7 -DUSE_HAL_DRIVER -DSTM32H745xx -c -I../../../CM7/Core/Inc -I../../../CM7/TouchGFX/App -I../../../CM7/TouchGFX/target/generated -I../../../CM7/TouchGFX/target -I../../../Drivers/STM32H7xx_HAL_Driver/Inc -I../../../Drivers/STM32H7xx_HAL_Driver/Inc/Legacy -I../../../Middlewares/Third_Party/FreeRTOS/Source/include -I../../../Middlewares/Third_Party/FreeRTOS/Source/CMSIS_RTOS_V2 -I../../../Middlewares/Third_Party/FreeRTOS/Source/portable/GCC/ARM_CM4F -I../../../Drivers/CMSIS/Device/ST/STM32H7xx/Include -I../../../Drivers/CMSIS/Include -I../../CM7/../../CM7/Middlewares/ST/touchgfx/framework/include -I../../../Drivers/BSP/STM32H745I-DISCO -I../../../Drivers/BSP/Components/Common -I../../../Drivers/BSP/Components/mt25tl01g -I../../../Drivers/BSP/Components/ft5336 -I../../../Drivers/BSP/Components/mt48lc4m32b2 -I../../CM7/../../CM7/TouchGFX/generated/fonts/include -I../../CM7/../../CM7/TouchGFX/generated/gui_generated/include -I../../CM7/../../CM7/TouchGFX/generated/images/include -I../../CM7/../../CM7/TouchGFX/generated/texts/include -I../../CM7/../../CM7/TouchGFX/generated/videos/include -I../../CM7/../../CM7/TouchGFX/gui/include -I"C:/TouchGFXProjects/UWBSurveying/STM32CubeIDE/CM7/Application/User/Core/usb" -O0 -ffunction-sections -fdata-sections -Wall -fstack-usage -MMD -MP -MF"Application/User/Core/usb/usbd_storage_if.d" -MT"Application/User/Core/usb/usbd_storage_if.o" --specs=nano.specs -mfpu=fpv5-d16 -mfloat-abi=hard -mthumb -o "Application/User/Core/usb/usbd_storage_if.o"
arm-none-eabi-g++ -o "stm32h745i_disco_CM7.elf" @"objects.list"  -l:libtouchgfx-float-abi-hard.a -mcpu=cortex-m7 -T"C:\TouchGFXProjects\UWBSurveying\STM32CubeIDE\CM7\STM32H745XIHX_FLASH.ld" --specs=nosys.specs -Wl,-Map="stm32h745i_disco_CM7.map" -Wl,--gc-sections -static -LC:/dev/at_dev/at/stm32h745i_disco/STM32H745I_DISCO/CM7/Middlewares/ST/touchgfx/lib/core/cortex_m7/gcc -LC:/git/stm32h745i_disco/STM32H745I_DISCO/CM7/Middlewares/ST/touchgfx/lib/core/cortex_m7/gcc -LC:/TouchGFXProjects/UWBSurveying/CM7/Middlewares/ST/touchgfx/lib/core/cortex_m7/gcc --specs=nano.specs -mfpu=fpv5-d16 -mfloat-abi=hard -mthumb -Wl,--start-group -lc -lm -lstdc++ -lsupc++ -Wl,--end-group
c:\st\stm32cubeide_1.8.0\stm32cubeide\plugins\com.st.stm32cube.ide.mcu.externaltools.gnu-tools-for-stm32.9-2020-q2-update.win32_2.0.0.202105311346\tools\arm-none-eabi\bin\ld.exe: stm32h745i_disco_CM7.elf section `.bss' will not fit in region `RAM_D1'
c:\st\stm32cubeide_1.8.0\stm32cubeide\plugins\com.st.stm32cube.ide.mcu.externaltools.gnu-tools-for-stm32.9-2020-q2-update.win32_2.0.0.202105311346\tools\arm-none-eabi\bin\ld.exe: region `RAM_D1' overflowed by 45984 bytes
collect2.exe: error: ld returned 1 exit status
make: *** [makefile:90: stm32h745i_disco_CM7.elf] Error 1
"make -j12 all" terminated with exit code 2. Build might be incomplete.
21:02:50 **** Incremental Build of configuration Debug for project stm32h745i_disco_CM7 ****
make -j12 all 
arm-none-eabi-gcc "../Application/User/Core/usb/usbd_storage_if.c" -mcpu=cortex-m7 -std=gnu11 -g3 -DDEBUG -DCORE_CM7 -DUSE_HAL_DRIVER -DSTM32H745xx -c -I../../../CM7/Core/Inc -I../../../CM7/TouchGFX/App -I../../../CM7/TouchGFX/target/generated -I../../../CM7/TouchGFX/target -I../../../Drivers/STM32H7xx_HAL_Driver/Inc -I../../../Drivers/STM32H7xx_HAL_Driver/Inc/Legacy -I../../../Middlewares/Third_Party/FreeRTOS/Source/include -I../../../Middlewares/Third_Party/FreeRTOS/Source/CMSIS_RTOS_V2 -I../../../Middlewares/Third_Party/FreeRTOS/Source/portable/GCC/ARM_CM4F -I../../../Drivers/CMSIS/Device/ST/STM32H7xx/Include -I../../../Drivers/CMSIS/Include -I../../CM7/../../CM7/Middlewares/ST/touchgfx/framework/include -I../../../Drivers/BSP/STM32H745I-DISCO -I../../../Drivers/BSP/Components/Common -I../../../Drivers/BSP/Components/mt25tl01g -I../../../Drivers/BSP/Components/ft5336 -I../../../Drivers/BSP/Components/mt48lc4m32b2 -I../../CM7/../../CM7/TouchGFX/generated/fonts/include -I../../CM7/../../CM7/TouchGFX/generated/gui_generated/include -I../../CM7/../../CM7/TouchGFX/generated/images/include -I../../CM7/../../CM7/TouchGFX/generated/texts/include -I../../CM7/../../CM7/TouchGFX/generated/videos/include -I../../CM7/../../CM7/TouchGFX/gui/include -I"C:/TouchGFXProjects/UWBSurveying/STM32CubeIDE/CM7/Application/User/Core/usb" -O0 -ffunction-sections -fdata-sections -Wall -fstack-usage -MMD -MP -MF"Application/User/Core/usb/usbd_storage_if.d" -MT"Application/User/Core/usb/usbd_storage_if.o" --specs=nano.specs -mfpu=fpv5-d16 -mfloat-abi=hard -mthumb -o "Application/User/Core/usb/usbd_storage_if.o"
arm-none-eabi-g++ -o "stm32h745i_disco_CM7.elf" @"objects.list"  -l:libtouchgfx-float-abi-hard.a -mcpu=cortex-m7 -T"C:\TouchGFXProjects\UWBSurveying\STM32CubeIDE\CM7\STM32H745XIHX_FLASH.ld" --specs=nosys.specs -Wl,-Map="stm32h745i_disco_CM7.map" -Wl,--gc-sections -static -LC:/dev/at_dev/at/stm32h745i_disco/STM32H745I_DISCO/CM7/Middlewares/ST/touchgfx/lib/core/cortex_m7/gcc -LC:/git/stm32h745i_disco/STM32H745I_DISCO/CM7/Middlewares/ST/touchgfx/lib/core/cortex_m7/gcc -LC:/TouchGFXProjects/UWBSurveying/CM7/Middlewares/ST/touchgfx/lib/core/cortex_m7/gcc --specs=nano.specs -mfpu=fpv5-d16 -mfloat-abi=hard -mthumb -Wl,--start-group -lc -lm -lstdc++ -lsupc++ -Wl,--end-group
Finished building target: stm32h745i_disco_CM7.elf
 
arm-none-eabi-size   stm32h745i_disco_CM7.elf 
arm-none-eabi-objdump -h -S  stm32h745i_disco_CM7.elf  > "stm32h745i_disco_CM7.list"
arm-none-eabi-objcopy  -O ihex  stm32h745i_disco_CM7.elf  "stm32h745i_disco_CM7.hex"
   text	   data	    bss	    dec	    hex	filename
 221776	    700	 160000	 382476	  5d60c	stm32h745i_disco_CM7.elf
Finished building: default.size.stdout
 
Finished building: stm32h745i_disco_CM7.hex
 
Finished building: stm32h745i_disco_CM7.list
 
17:11:41 **** Build of configuration Debug for project stm32h745i_disco_CM4 ****
make -j12 all 
arm-none-eabi-gcc "C:/TouchGFXProjects/UWBSurveying/Drivers/STM32H7xx_HAL_Driver/Src/stm32h7xx_hal.c" -mcpu=cortex-m4 -std=gnu11 -g3 -DDEBUG -DCORE_CM4 -DUSE_HAL_DRIVER -DSTM32H745xx -c -I../../../CM4/Core/Inc -I../../../Drivers/STM32H7xx_HAL_Driver/Inc -I../../../Drivers/STM32H7xx_HAL_Driver/Inc/Legacy -I../../../Drivers/CMSIS/Device/ST/STM32H7xx/Include -I../../../Drivers/CMSIS/Include -O0 -ffunction-sections -fdata-sections -Wall -fstack-usage -MMD -MP -MF"Drivers/STM32H7xx_HAL_Driver/stm32h7xx_hal.d" -MT"Drivers/STM32H7xx_HAL_Driver/stm32h7xx_hal.o" --specs=nano.specs -mfpu=fpv4-sp-d16 -mfloat-abi=hard -mthumb -o "Drivers/STM32H7xx_HAL_Driver/stm32h7xx_hal.o"
arm-none-eabi-gcc "C:/TouchGFXProjects/UWBSurveying/Drivers/STM32H7xx_HAL_Driver/Src/stm32h7xx_hal_cortex.c" -mcpu=cortex-m4 -std=gnu11 -g3 -DDEBUG -DCORE_CM4 -DUSE_HAL_DRIVER -DSTM32H745xx -c -I../../../CM4/Core/Inc -I../../../Drivers/STM32H7xx_HAL_Driver/Inc -I../../../Drivers/STM32H7xx_HAL_Driver/Inc/Legacy -I../../../Drivers/CMSIS/Device/ST/STM32H7xx/Include -I../../../Drivers/CMSIS/Include -O0 -ffunction-sections -fdata-sections -Wall -fstack-usage -MMD -MP -MF"Drivers/STM32H7xx_HAL_Driver/stm32h7xx_hal_cortex.d" -MT"Drivers/STM32H7xx_HAL_Driver/stm32h7xx_hal_cortex.o" --specs=nano.specs -mfpu=fpv4-sp-d16 -mfloat-abi=hard -mthumb -o "Drivers/STM32H7xx_HAL_Driver/stm32h7xx_hal_cortex.o"
arm-none-eabi-gcc "C:/TouchGFXProjects/UWBSurveying/Drivers/STM32H7xx_HAL_Driver/Src/stm32h7xx_hal_hsem.c" -mcpu=cortex-m4 -std=gnu11 -g3 -DDEBUG -DCORE_CM4 -DUSE_HAL_DRIVER -DSTM32H745xx -c -I../../../CM4/Core/Inc -I../../../Drivers/STM32H7xx_HAL_Driver/Inc -I../../../Drivers/STM32H7xx_HAL_Driver/Inc/Legacy -I../../../Drivers/CMSIS/Device/ST/STM32H7xx/Include -I../../../Drivers/CMSIS/Include -O0 -ffunction-sections -fdata-sections -Wall -fstack-usage -MMD -MP -MF"Drivers/STM32H7xx_HAL_Driver/stm32h7xx_hal_hsem.d" -MT"Drivers/STM32H7xx_HAL_Driver/stm32h7xx_hal_hsem.o" --specs=nano.specs -mfpu=fpv4-sp-d16 -mfloat-abi=hard -mthumb -o "Drivers/STM32H7xx_HAL_Driver/stm32h7xx_hal_hsem.o"
arm-none-eabi-gcc "C:/TouchGFXProjects/UWBSurveying/Drivers/STM32H7xx_HAL_Driver/Src/stm32h7xx_hal_pwr_ex.c" -mcpu=cortex-m4 -std=gnu11 -g3 -DDEBUG -DCORE_CM4 -DUSE_HAL_DRIVER -DSTM32H745xx -c -I../../../CM4/Core/Inc -I../../../Drivers/STM32H7xx_HAL_Driver/Inc -I../../../Drivers/STM32H7xx_HAL_Driver/Inc/Legacy -I../../../Drivers/CMSIS/Device/ST/STM32H7xx/Include -I../../../Drivers/CMSIS/Include -O0 -ffunction-sections -fdata-sections -Wall -fstack-usage -MMD -MP -MF"Drivers/STM32H7xx_HAL_Driver/stm32h7xx_hal_pwr_ex.d" -MT"Drivers/STM32H7xx_HAL_Driver/stm32h7xx_hal_pwr_ex.o" --specs=nano.specs -mfpu=fpv4-sp-d16 -mfloat-abi=hard -mthumb -o "Drivers/STM32H7xx_HAL_Driver/stm32h7xx_hal_pwr_ex.o"
arm-none-eabi-gcc "C:/TouchGFXProjects/UWBSurveying/Drivers/STM32H7xx_HAL_Driver/Src/stm32h7xx_hal_rcc.c" -mcpu=cortex-m4 -std=gnu11 -g3 -DDEBUG -DCORE_CM4 -DUSE_HAL_DRIVER -DSTM32H745xx -c -I../../../CM4/Core/Inc -I../../../Drivers/STM32H7xx_HAL_Driver/Inc -I../../../Drivers/STM32H7xx_HAL_Driver/Inc/Legacy -I../../../Drivers/CMSIS/Device/ST/STM32H7xx/Include -I../../../Drivers/CMSIS/Include -O0 -ffunction-sections -fdata-sections -Wall -fstack-usage -MMD -MP -MF"Drivers/STM32H7xx_HAL_Driver/stm32h7xx_hal_rcc.d" -MT"Drivers/STM32H7xx_HAL_Driver/stm32h7xx_hal_rcc.o" --specs=nano.specs -mfpu=fpv4-sp-d16 -mfloat-abi=hard -mthumb -o "Drivers/STM32H7xx_HAL_Driver/stm32h7xx_hal_rcc.o"
arm-none-eabi-gcc "C:/TouchGFXProjects/UWBSurveying/Common/Src/system_stm32h7xx_dualcore_boot_cm4_cm7.c" -mcpu=cortex-m4 -std=gnu11 -g3 -DDEBUG -DCORE_CM4 -DUSE_HAL_DRIVER -DSTM32H745xx -c -I../../../CM4/Core/Inc -I../../../Drivers/STM32H7xx_HAL_Driver/Inc -I../../../Drivers/STM32H7xx_HAL_Driver/Inc/Legacy -I../../../Drivers/CMSIS/Device/ST/STM32H7xx/Include -I../../../Drivers/CMSIS/Include -O0 -ffunction-sections -fdata-sections -Wall -fstack-usage -MMD -MP -MF"Common/system_stm32h7xx_dualcore_boot_cm4_cm7.d" -MT"Common/system_stm32h7xx_dualcore_boot_cm4_cm7.o" --specs=nano.specs -mfpu=fpv4-sp-d16 -mfloat-abi=hard -mthumb -o "Common/system_stm32h7xx_dualcore_boot_cm4_cm7.o"
arm-none-eabi-gcc -mcpu=cortex-m4 -g3 -DDEBUG -c -x assembler-with-cpp -MMD -MP -MF"Application/User/Startup/startup_stm32h745xihx.d" -MT"Application/User/Startup/startup_stm32h745xihx.o" --specs=nano.specs -mfpu=fpv4-sp-d16 -mfloat-abi=hard -mthumb -o "Application/User/Startup/startup_stm32h745xihx.o" "../Application/User/Startup/startup_stm32h745xihx.s"
arm-none-eabi-gcc "C:/TouchGFXProjects/UWBSurveying/CM4/Core/Src/main.c" -mcpu=cortex-m4 -std=gnu11 -g3 -DDEBUG -DCORE_CM4 -DUSE_HAL_DRIVER -DSTM32H745xx -c -I../../../CM4/Core/Inc -I../../../Drivers/STM32H7xx_HAL_Driver/Inc -I../../../Drivers/STM32H7xx_HAL_Driver/Inc/Legacy -I../../../Drivers/CMSIS/Device/ST/STM32H7xx/Include -I../../../Drivers/CMSIS/Include -O0 -ffunction-sections -fdata-sections -Wall -fstack-usage -MMD -MP -MF"Application/User/Core/main.d" -MT"Application/User/Core/main.o" --specs=nano.specs -mfpu=fpv4-sp-d16 -mfloat-abi=hard -mthumb -o "Application/User/Core/main.o"
arm-none-eabi-gcc "C:/TouchGFXProjects/UWBSurveying/CM4/Core/Src/stm32h7xx_hal_msp.c" -mcpu=cortex-m4 -std=gnu11 -g3 -DDEBUG -DCORE_CM4 -DUSE_HAL_DRIVER -DSTM32H745xx -c -I../../../CM4/Core/Inc -I../../../Drivers/STM32H7xx_HAL_Driver/Inc -I../../../Drivers/STM32H7xx_HAL_Driver/Inc/Legacy -I../../../Drivers/CMSIS/Device/ST/STM32H7xx/Include -I../../../Drivers/CMSIS/Include -O0 -ffunction-sections -fdata-sections -Wall -fstack-usage -MMD -MP -MF"Application/User/Core/stm32h7xx_hal_msp.d" -MT"Application/User/Core/stm32h7xx_hal_msp.o" --specs=nano.specs -mfpu=fpv4-sp-d16 -mfloat-abi=hard -mthumb -o "Application/User/Core/stm32h7xx_hal_msp.o"
arm-none-eabi-gcc "C:/TouchGFXProjects/UWBSurveying/CM4/Core/Src/stm32h7xx_it.c" -mcpu=cortex-m4 -std=gnu11 -g3 -DDEBUG -DCORE_CM4 -DUSE_HAL_DRIVER -DSTM32H745xx -c -I../../../CM4/Core/Inc -I../../../Drivers/STM32H7xx_HAL_Driver/Inc -I../../../Drivers/STM32H7xx_HAL_Driver/Inc/Legacy -I../../../Drivers/CMSIS/Device/ST/STM32H7xx/Include -I../../../Drivers/CMSIS/Include -O0 -ffunction-sections -fdata-sections -Wall -fstack-usage -MMD -MP -MF"Application/User/Core/stm32h7xx_it.d" -MT"Application/User/Core/stm32h7xx_it.o" --specs=nano.specs -mfpu=fpv4-sp-d16 -mfloat-abi=hard -mthumb -o "Application/User/Core/stm32h7xx_it.o"
arm-none-eabi-gcc "../Application/User/Core/syscalls.c" -mcpu=cortex-m4 -std=gnu11 -g3 -DDEBUG -DCORE_CM4 -DUSE_HAL_DRIVER -DSTM32H745xx -c -I../../../CM4/Core/Inc -I../../../Drivers/STM32H7xx_HAL_Driver/Inc -I../../../Drivers/STM32H7xx_HAL_Driver/Inc/Legacy -I../../../Drivers/CMSIS/Device/ST/STM32H7xx/Include -I../../../Drivers/CMSIS/Include -O0 -ffunction-sections -fdata-sections -Wall -fstack-usage -MMD -MP -MF"Application/User/Core/syscalls.d" -MT"Application/User/Core/syscalls.o" --specs=nano.specs -mfpu=fpv4-sp-d16 -mfloat-abi=hard -mthumb -o "Application/User/Core/syscalls.o"
arm-none-eabi-gcc "../Application/User/Core/sysmem.c" -mcpu=cortex-m4 -std=gnu11 -g3 -DDEBUG -DCORE_CM4 -DUSE_HAL_DRIVER -DSTM32H745xx -c -I../../../CM4/Core/Inc -I../../../Drivers/STM32H7xx_HAL_Driver/Inc -I../../../Drivers/STM32H7xx_HAL_Driver/Inc/Legacy -I../../../Drivers/CMSIS/Device/ST/STM32H7xx/Include -I../../../Drivers/CMSIS/Include -O0 -ffunction-sections -fdata-sections -Wall -fstack-usage -MMD -MP -MF"Application/User/Core/sysmem.d" -MT"Application/User/Core/sysmem.o" --specs=nano.specs -mfpu=fpv4-sp-d16 -mfloat-abi=hard -mthumb -o "Application/User/Core/sysmem.o"
arm-none-eabi-g++ -o "stm32h745i_disco_CM4.elf" @"objects.list"   -mcpu=cortex-m4 -T"C:\TouchGFXProjects\UWBSurveying\STM32CubeIDE\CM4\STM32H745XIHX_FLASH.ld" --specs=nosys.specs -Wl,-Map="stm32h745i_disco_CM4.map" -Wl,--gc-sections -static --specs=nano.specs -mfpu=fpv4-sp-d16 -mfloat-abi=hard -mthumb -Wl,--start-group -lc -lm -lstdc++ -lsupc++ -Wl,--end-group
Finished building target: stm32h745i_disco_CM4.elf
 
arm-none-eabi-size   stm32h745i_disco_CM4.elf 
arm-none-eabi-objdump -h -S  stm32h745i_disco_CM4.elf  > "stm32h745i_disco_CM4.list"
arm-none-eabi-objcopy  -O binary  stm32h745i_disco_CM4.elf  "stm32h745i_disco_CM4.bin"
   text	   data	    bss	    dec	    hex	filename
   3136	     24	   1568	   4728	   1278	stm32h745i_disco_CM4.elf
Finished building: default.size.stdout
 
Finished building: stm32h745i_disco_CM4.bin
 
Finished building: stm32h745i_disco_CM4.list
 
17:11:59 **** Incremental Build of configuration Debug for project stm32h745i_disco_CM4 ****
make -j12 all 
arm-none-eabi-size   stm32h745i_disco_CM4.elf 
   text	   data	    bss	    dec	    hex	filename
   3136	     24	   1568	   4728	   1278	stm32h745i_disco_CM4.elf
Finished building: default.size.stdout
 
17:12:35 **** Incremental Build of configuration Debug for project stm32h745i_disco_CM4 ****
make -j12 all 
arm-none-eabi-size   stm32h745i_disco_CM4.elf 
   text	   data	    bss	    dec	    hex	filename
   3136	     24	   1568	   4728	   1278	stm32h745i_disco_CM4.elf
Finished building: default.size.stdout
 
17:13:08 **** Incremental Build of configuration Debug for project stm32h745i_disco_CM4 ****
make -j12 all 
arm-none-eabi-size   stm32h745i_disco_CM4.elf 
   text	   data	    bss	    dec	    hex	filename
   3136	     24	   1568	   4728	   1278	stm32h745i_disco_CM4.elf
Finished building: default.size.stdout
 
17:14:09 **** Incremental Build of configuration Debug for project stm32h745i_disco_CM4 ****
make -j12 all 
arm-none-eabi-size   stm32h745i_disco_CM4.elf 
   text	   data	    bss	    dec	    hex	filename
   3136	     24	   1568	   4728	   1278	stm32h745i_disco_CM4.elf
Finished building: default.size.stdout
 
17:14:23 **** Incremental Build of configuration Debug for project stm32h745i_disco_CM7 ****
make -j12 all 
arm-none-eabi-gcc "C:/TouchGFXProjects/UWBSurveying/Drivers/STM32H7xx_HAL_Driver/Src/stm32h7xx_hal.c" -mcpu=cortex-m7 -std=gnu11 -g3 -DDEBUG -DCORE_CM7 -DUSE_HAL_DRIVER -DSTM32H745xx -c -I../../../CM7/Core/Inc -I../../../CM7/TouchGFX/App -I../../../CM7/TouchGFX/target/generated -I../../../CM7/TouchGFX/target -I../../../Drivers/STM32H7xx_HAL_Driver/Inc -I../../../Drivers/STM32H7xx_HAL_Driver/Inc/Legacy -I../../../Middlewares/Third_Party/FreeRTOS/Source/include -I../../../Middlewares/Third_Party/FreeRTOS/Source/CMSIS_RTOS_V2 -I../../../Middlewares/Third_Party/FreeRTOS/Source/portable/GCC/ARM_CM4F -I../../../Drivers/CMSIS/Device/ST/STM32H7xx/Include -I../../../Drivers/CMSIS/Include -I../../CM7/../../CM7/Middlewares/ST/touchgfx/framework/include -I../../../Drivers/BSP/STM32H745I-DISCO -I../../../Drivers/BSP/Components/Common -I../../../Drivers/BSP/Components/mt25tl01g -I../../../Drivers/BSP/Components/ft5336 -I../../../Drivers/BSP/Components/mt48lc4m32b2 -I../../CM7/../../CM7/TouchGFX/generated/fonts/include -I../../CM7/../../CM7/TouchGFX/generated/gui_generated/include -I../../CM7/../../CM7/TouchGFX/generated/images/include -I../../CM7/../../CM7/TouchGFX/generated/texts/include -I../../CM7/../../CM7/TouchGFX/generated/videos/include -I../../CM7/../../CM7/TouchGFX/gui/include -I"C:/TouchGFXProjects/UWBSurveying/STM32CubeIDE/CM7/Application/User/Core/usb" -O0 -ffunction-sections -fdata-sections -Wall -fstack-usage -MMD -MP -MF"Drivers/STM32H7xx_HAL_Driver/stm32h7xx_hal.d" -MT"Drivers/STM32H7xx_HAL_Driver/stm32h7xx_hal.o" --specs=nano.specs -mfpu=fpv5-d16 -mfloat-abi=hard -mthumb -o "Drivers/STM32H7xx_HAL_Driver/stm32h7xx_hal.o"
arm-none-eabi-gcc "C:/TouchGFXProjects/UWBSurveying/Drivers/STM32H7xx_HAL_Driver/Src/stm32h7xx_hal_cortex.c" -mcpu=cortex-m7 -std=gnu11 -g3 -DDEBUG -DCORE_CM7 -DUSE_HAL_DRIVER -DSTM32H745xx -c -I../../../CM7/Core/Inc -I../../../CM7/TouchGFX/App -I../../../CM7/TouchGFX/target/generated -I../../../CM7/TouchGFX/target -I../../../Drivers/STM32H7xx_HAL_Driver/Inc -I../../../Drivers/STM32H7xx_HAL_Driver/Inc/Legacy -I../../../Middlewares/Third_Party/FreeRTOS/Source/include -I../../../Middlewares/Third_Party/FreeRTOS/Source/CMSIS_RTOS_V2 -I../../../Middlewares/Third_Party/FreeRTOS/Source/portable/GCC/ARM_CM4F -I../../../Drivers/CMSIS/Device/ST/STM32H7xx/Include -I../../../Drivers/CMSIS/Include -I../../CM7/../../CM7/Middlewares/ST/touchgfx/framework/include -I../../../Drivers/BSP/STM32H745I-DISCO -I../../../Drivers/BSP/Components/Common -I../../../Drivers/BSP/Components/mt25tl01g -I../../../Drivers/BSP/Components/ft5336 -I../../../Drivers/BSP/Components/mt48lc4m32b2 -I../../CM7/../../CM7/TouchGFX/generated/fonts/include -I../../CM7/../../CM7/TouchGFX/generated/gui_generated/include -I../../CM7/../../CM7/TouchGFX/generated/images/include -I../../CM7/../../CM7/TouchGFX/generated/texts/include -I../../CM7/../../CM7/TouchGFX/generated/videos/include -I../../CM7/../../CM7/TouchGFX/gui/include -I"C:/TouchGFXProjects/UWBSurveying/STM32CubeIDE/CM7/Application/User/Core/usb" -O0 -ffunction-sections -fdata-sections -Wall -fstack-usage -MMD -MP -MF"Drivers/STM32H7xx_HAL_Driver/stm32h7xx_hal_cortex.d" -MT"Drivers/STM32H7xx_HAL_Driver/stm32h7xx_hal_cortex.o" --specs=nano.specs -mfpu=fpv5-d16 -mfloat-abi=hard -mthumb -o "Drivers/STM32H7xx_HAL_Driver/stm32h7xx_hal_cortex.o"
arm-none-eabi-gcc "C:/TouchGFXProjects/UWBSurveying/Drivers/STM32H7xx_HAL_Driver/Src/stm32h7xx_hal_crc.c" -mcpu=cortex-m7 -std=gnu11 -g3 -DDEBUG -DCORE_CM7 -DUSE_HAL_DRIVER -DSTM32H745xx -c -I../../../CM7/Core/Inc -I../../../CM7/TouchGFX/App -I../../../CM7/TouchGFX/target/generated -I../../../CM7/TouchGFX/target -I../../../Drivers/STM32H7xx_HAL_Driver/Inc -I../../../Drivers/STM32H7xx_HAL_Driver/Inc/Legacy -I../../../Middlewares/Third_Party/FreeRTOS/Source/include -I../../../Middlewares/Third_Party/FreeRTOS/Source/CMSIS_RTOS_V2 -I../../../Middlewares/Third_Party/FreeRTOS/Source/portable/GCC/ARM_CM4F -I../../../Drivers/CMSIS/Device/ST/STM32H7xx/Include -I../../../Drivers/CMSIS/Include -I../../CM7/../../CM7/Middlewares/ST/touchgfx/framework/include -I../../../Drivers/BSP/STM32H745I-DISCO -I../../../Drivers/BSP/Components/Common -I../../../Drivers/BSP/Components/mt25tl01g -I../../../Drivers/BSP/Components/ft5336 -I../../../Drivers/BSP/Components/mt48lc4m32b2 -I../../CM7/../../CM7/TouchGFX/generated/fonts/include -I../../CM7/../../CM7/TouchGFX/generated/gui_generated/include -I../../CM7/../../CM7/TouchGFX/generated/images/include -I../../CM7/../../CM7/TouchGFX/generated/texts/include -I../../CM7/../../CM7/TouchGFX/generated/videos/include -I../../CM7/../../CM7/TouchGFX/gui/include -I"C:/TouchGFXProjects/UWBSurveying/STM32CubeIDE/CM7/Application/User/Core/usb" -O0 -ffunction-sections -fdata-sections -Wall -fstack-usage -MMD -MP -MF"Drivers/STM32H7xx_HAL_Driver/stm32h7xx_hal_crc.d" -MT"Drivers/STM32H7xx_HAL_Driver/stm32h7xx_hal_crc.o" --specs=nano.specs -mfpu=fpv5-d16 -mfloat-abi=hard -mthumb -o "Drivers/STM32H7xx_HAL_Driver/stm32h7xx_hal_crc.o"
arm-none-eabi-gcc "C:/TouchGFXProjects/UWBSurveying/Drivers/STM32H7xx_HAL_Driver/Src/stm32h7xx_hal_crc_ex.c" -mcpu=cortex-m7 -std=gnu11 -g3 -DDEBUG -DCORE_CM7 -DUSE_HAL_DRIVER -DSTM32H745xx -c -I../../../CM7/Core/Inc -I../../../CM7/TouchGFX/App -I../../../CM7/TouchGFX/target/generated -I../../../CM7/TouchGFX/target -I../../../Drivers/STM32H7xx_HAL_Driver/Inc -I../../../Drivers/STM32H7xx_HAL_Driver/Inc/Legacy -I../../../Middlewares/Third_Party/FreeRTOS/Source/include -I../../../Middlewares/Third_Party/FreeRTOS/Source/CMSIS_RTOS_V2 -I../../../Middlewares/Third_Party/FreeRTOS/Source/portable/GCC/ARM_CM4F -I../../../Drivers/CMSIS/Device/ST/STM32H7xx/Include -I../../../Drivers/CMSIS/Include -I../../CM7/../../CM7/Middlewares/ST/touchgfx/framework/include -I../../../Drivers/BSP/STM32H745I-DISCO -I../../../Drivers/BSP/Components/Common -I../../../Drivers/BSP/Components/mt25tl01g -I../../../Drivers/BSP/Components/ft5336 -I../../../Drivers/BSP/Components/mt48lc4m32b2 -I../../CM7/../../CM7/TouchGFX/generated/fonts/include -I../../CM7/../../CM7/TouchGFX/generated/gui_generated/include -I../../CM7/../../CM7/TouchGFX/generated/images/include -I../../CM7/../../CM7/TouchGFX/generated/texts/include -I../../CM7/../../CM7/TouchGFX/generated/videos/include -I../../CM7/../../CM7/TouchGFX/gui/include -I"C:/TouchGFXProjects/UWBSurveying/STM32CubeIDE/CM7/Application/User/Core/usb" -O0 -ffunction-sections -fdata-sections -Wall -fstack-usage -MMD -MP -MF"Drivers/STM32H7xx_HAL_Driver/stm32h7xx_hal_crc_ex.d" -MT"Drivers/STM32H7xx_HAL_Driver/stm32h7xx_hal_crc_ex.o" --specs=nano.specs -mfpu=fpv5-d16 -mfloat-abi=hard -mthumb -o "Drivers/STM32H7xx_HAL_Driver/stm32h7xx_hal_crc_ex.o"
arm-none-eabi-gcc "C:/TouchGFXProjects/UWBSurveying/Drivers/STM32H7xx_HAL_Driver/Src/stm32h7xx_hal_dma.c" -mcpu=cortex-m7 -std=gnu11 -g3 -DDEBUG -DCORE_CM7 -DUSE_HAL_DRIVER -DSTM32H745xx -c -I../../../CM7/Core/Inc -I../../../CM7/TouchGFX/App -I../../../CM7/TouchGFX/target/generated -I../../../CM7/TouchGFX/target -I../../../Drivers/STM32H7xx_HAL_Driver/Inc -I../../../Drivers/STM32H7xx_HAL_Driver/Inc/Legacy -I../../../Middlewares/Third_Party/FreeRTOS/Source/include -I../../../Middlewares/Third_Party/FreeRTOS/Source/CMSIS_RTOS_V2 -I../../../Middlewares/Third_Party/FreeRTOS/Source/portable/GCC/ARM_CM4F -I../../../Drivers/CMSIS/Device/ST/STM32H7xx/Include -I../../../Drivers/CMSIS/Include -I../../CM7/../../CM7/Middlewares/ST/touchgfx/framework/include -I../../../Drivers/BSP/STM32H745I-DISCO -I../../../Drivers/BSP/Components/Common -I../../../Drivers/BSP/Components/mt25tl01g -I../../../Drivers/BSP/Components/ft5336 -I../../../Drivers/BSP/Components/mt48lc4m32b2 -I../../CM7/../../CM7/TouchGFX/generated/fonts/include -I../../CM7/../../CM7/TouchGFX/generated/gui_generated/include -I../../CM7/../../CM7/TouchGFX/generated/images/include -I../../CM7/../../CM7/TouchGFX/generated/texts/include -I../../CM7/../../CM7/TouchGFX/generated/videos/include -I../../CM7/../../CM7/TouchGFX/gui/include -I"C:/TouchGFXProjects/UWBSurveying/STM32CubeIDE/CM7/Application/User/Core/usb" -O0 -ffunction-sections -fdata-sections -Wall -fstack-usage -MMD -MP -MF"Drivers/STM32H7xx_HAL_Driver/stm32h7xx_hal_dma.d" -MT"Drivers/STM32H7xx_HAL_Driver/stm32h7xx_hal_dma.o" --specs=nano.specs -mfpu=fpv5-d16 -mfloat-abi=hard -mthumb -o "Drivers/STM32H7xx_HAL_Driver/stm32h7xx_hal_dma.o"
arm-none-eabi-gcc "C:/TouchGFXProjects/UWBSurveying/Drivers/STM32H7xx_HAL_Driver/Src/stm32h7xx_hal_dma2d.c" -mcpu=cortex-m7 -std=gnu11 -g3 -DDEBUG -DCORE_CM7 -DUSE_HAL_DRIVER -DSTM32H745xx -c -I../../../CM7/Core/Inc -I../../../CM7/TouchGFX/App -I../../../CM7/TouchGFX/target/generated -I../../../CM7/TouchGFX/target -I../../../Drivers/STM32H7xx_HAL_Driver/Inc -I../../../Drivers/STM32H7xx_HAL_Driver/Inc/Legacy -I../../../Middlewares/Third_Party/FreeRTOS/Source/include -I../../../Middlewares/Third_Party/FreeRTOS/Source/CMSIS_RTOS_V2 -I../../../Middlewares/Third_Party/FreeRTOS/Source/portable/GCC/ARM_CM4F -I../../../Drivers/CMSIS/Device/ST/STM32H7xx/Include -I../../../Drivers/CMSIS/Include -I../../CM7/../../CM7/Middlewares/ST/touchgfx/framework/include -I../../../Drivers/BSP/STM32H745I-DISCO -I../../../Drivers/BSP/Components/Common -I../../../Drivers/BSP/Components/mt25tl01g -I../../../Drivers/BSP/Components/ft5336 -I../../../Drivers/BSP/Components/mt48lc4m32b2 -I../../CM7/../../CM7/TouchGFX/generated/fonts/include -I../../CM7/../../CM7/TouchGFX/generated/gui_generated/include -I../../CM7/../../CM7/TouchGFX/generated/images/include -I../../CM7/../../CM7/TouchGFX/generated/texts/include -I../../CM7/../../CM7/TouchGFX/generated/videos/include -I../../CM7/../../CM7/TouchGFX/gui/include -I"C:/TouchGFXProjects/UWBSurveying/STM32CubeIDE/CM7/Application/User/Core/usb" -O0 -ffunction-sections -fdata-sections -Wall -fstack-usage -MMD -MP -MF"Drivers/STM32H7xx_HAL_Driver/stm32h7xx_hal_dma2d.d" -MT"Drivers/STM32H7xx_HAL_Driver/stm32h7xx_hal_dma2d.o" --specs=nano.specs -mfpu=fpv5-d16 -mfloat-abi=hard -mthumb -o "Drivers/STM32H7xx_HAL_Driver/stm32h7xx_hal_dma2d.o"
arm-none-eabi-gcc "C:/TouchGFXProjects/UWBSurveying/Drivers/STM32H7xx_HAL_Driver/Src/stm32h7xx_hal_dma_ex.c" -mcpu=cortex-m7 -std=gnu11 -g3 -DDEBUG -DCORE_CM7 -DUSE_HAL_DRIVER -DSTM32H745xx -c -I../../../CM7/Core/Inc -I../../../CM7/TouchGFX/App -I../../../CM7/TouchGFX/target/generated -I../../../CM7/TouchGFX/target -I../../../Drivers/STM32H7xx_HAL_Driver/Inc -I../../../Drivers/STM32H7xx_HAL_Driver/Inc/Legacy -I../../../Middlewares/Third_Party/FreeRTOS/Source/include -I../../../Middlewares/Third_Party/FreeRTOS/Source/CMSIS_RTOS_V2 -I../../../Middlewares/Third_Party/FreeRTOS/Source/portable/GCC/ARM_CM4F -I../../../Drivers/CMSIS/Device/ST/STM32H7xx/Include -I../../../Drivers/CMSIS/Include -I../../CM7/../../CM7/Middlewares/ST/touchgfx/framework/include -I../../../Drivers/BSP/STM32H745I-DISCO -I../../../Drivers/BSP/Components/Common -I../../../Drivers/BSP/Components/mt25tl01g -I../../../Drivers/BSP/Components/ft5336 -I../../../Drivers/BSP/Components/mt48lc4m32b2 -I../../CM7/../../CM7/TouchGFX/generated/fonts/include -I../../CM7/../../CM7/TouchGFX/generated/gui_generated/include -I../../CM7/../../CM7/TouchGFX/generated/images/include -I../../CM7/../../CM7/TouchGFX/generated/texts/include -I../../CM7/../../CM7/TouchGFX/generated/videos/include -I../../CM7/../../CM7/TouchGFX/gui/include -I"C:/TouchGFXProjects/UWBSurveying/STM32CubeIDE/CM7/Application/User/Core/usb" -O0 -ffunction-sections -fdata-sections -Wall -fstack-usage -MMD -MP -MF"Drivers/STM32H7xx_HAL_Driver/stm32h7xx_hal_dma_ex.d" -MT"Drivers/STM32H7xx_HAL_Driver/stm32h7xx_hal_dma_ex.o" --specs=nano.specs -mfpu=fpv5-d16 -mfloat-abi=hard -mthumb -o "Drivers/STM32H7xx_HAL_Driver/stm32h7xx_hal_dma_ex.o"
arm-none-eabi-gcc "C:/TouchGFXProjects/UWBSurveying/Drivers/STM32H7xx_HAL_Driver/Src/stm32h7xx_hal_exti.c" -mcpu=cortex-m7 -std=gnu11 -g3 -DDEBUG -DCORE_CM7 -DUSE_HAL_DRIVER -DSTM32H745xx -c -I../../../CM7/Core/Inc -I../../../CM7/TouchGFX/App -I../../../CM7/TouchGFX/target/generated -I../../../CM7/TouchGFX/target -I../../../Drivers/STM32H7xx_HAL_Driver/Inc -I../../../Drivers/STM32H7xx_HAL_Driver/Inc/Legacy -I../../../Middlewares/Third_Party/FreeRTOS/Source/include -I../../../Middlewares/Third_Party/FreeRTOS/Source/CMSIS_RTOS_V2 -I../../../Middlewares/Third_Party/FreeRTOS/Source/portable/GCC/ARM_CM4F -I../../../Drivers/CMSIS/Device/ST/STM32H7xx/Include -I../../../Drivers/CMSIS/Include -I../../CM7/../../CM7/Middlewares/ST/touchgfx/framework/include -I../../../Drivers/BSP/STM32H745I-DISCO -I../../../Drivers/BSP/Components/Common -I../../../Drivers/BSP/Components/mt25tl01g -I../../../Drivers/BSP/Components/ft5336 -I../../../Drivers/BSP/Components/mt48lc4m32b2 -I../../CM7/../../CM7/TouchGFX/generated/fonts/include -I../../CM7/../../CM7/TouchGFX/generated/gui_generated/include -I../../CM7/../../CM7/TouchGFX/generated/images/include -I../../CM7/../../CM7/TouchGFX/generated/texts/include -I../../CM7/../../CM7/TouchGFX/generated/videos/include -I../../CM7/../../CM7/TouchGFX/gui/include -I"C:/TouchGFXProjects/UWBSurveying/STM32CubeIDE/CM7/Application/User/Core/usb" -O0 -ffunction-sections -fdata-sections -Wall -fstack-usage -MMD -MP -MF"Drivers/STM32H7xx_HAL_Driver/stm32h7xx_hal_exti.d" -MT"Drivers/STM32H7xx_HAL_Driver/stm32h7xx_hal_exti.o" --specs=nano.specs -mfpu=fpv5-d16 -mfloat-abi=hard -mthumb -o "Drivers/STM32H7xx_HAL_Driver/stm32h7xx_hal_exti.o"
arm-none-eabi-gcc "C:/TouchGFXProjects/UWBSurveying/Drivers/STM32H7xx_HAL_Driver/Src/stm32h7xx_hal_flash.c" -mcpu=cortex-m7 -std=gnu11 -g3 -DDEBUG -DCORE_CM7 -DUSE_HAL_DRIVER -DSTM32H745xx -c -I../../../CM7/Core/Inc -I../../../CM7/TouchGFX/App -I../../../CM7/TouchGFX/target/generated -I../../../CM7/TouchGFX/target -I../../../Drivers/STM32H7xx_HAL_Driver/Inc -I../../../Drivers/STM32H7xx_HAL_Driver/Inc/Legacy -I../../../Middlewares/Third_Party/FreeRTOS/Source/include -I../../../Middlewares/Third_Party/FreeRTOS/Source/CMSIS_RTOS_V2 -I../../../Middlewares/Third_Party/FreeRTOS/Source/portable/GCC/ARM_CM4F -I../../../Drivers/CMSIS/Device/ST/STM32H7xx/Include -I../../../Drivers/CMSIS/Include -I../../CM7/../../CM7/Middlewares/ST/touchgfx/framework/include -I../../../Drivers/BSP/STM32H745I-DISCO -I../../../Drivers/BSP/Components/Common -I../../../Drivers/BSP/Components/mt25tl01g -I../../../Drivers/BSP/Components/ft5336 -I../../../Drivers/BSP/Components/mt48lc4m32b2 -I../../CM7/../../CM7/TouchGFX/generated/fonts/include -I../../CM7/../../CM7/TouchGFX/generated/gui_generated/include -I../../CM7/../../CM7/TouchGFX/generated/images/include -I../../CM7/../../CM7/TouchGFX/generated/texts/include -I../../CM7/../../CM7/TouchGFX/generated/videos/include -I../../CM7/../../CM7/TouchGFX/gui/include -I"C:/TouchGFXProjects/UWBSurveying/STM32CubeIDE/CM7/Application/User/Core/usb" -O0 -ffunction-sections -fdata-sections -Wall -fstack-usage -MMD -MP -MF"Drivers/STM32H7xx_HAL_Driver/stm32h7xx_hal_flash.d" -MT"Drivers/STM32H7xx_HAL_Driver/stm32h7xx_hal_flash.o" --specs=nano.specs -mfpu=fpv5-d16 -mfloat-abi=hard -mthumb -o "Drivers/STM32H7xx_HAL_Driver/stm32h7xx_hal_flash.o"
arm-none-eabi-gcc "C:/TouchGFXProjects/UWBSurveying/Drivers/STM32H7xx_HAL_Driver/Src/stm32h7xx_hal_flash_ex.c" -mcpu=cortex-m7 -std=gnu11 -g3 -DDEBUG -DCORE_CM7 -DUSE_HAL_DRIVER -DSTM32H745xx -c -I../../../CM7/Core/Inc -I../../../CM7/TouchGFX/App -I../../../CM7/TouchGFX/target/generated -I../../../CM7/TouchGFX/target -I../../../Drivers/STM32H7xx_HAL_Driver/Inc -I../../../Drivers/STM32H7xx_HAL_Driver/Inc/Legacy -I../../../Middlewares/Third_Party/FreeRTOS/Source/include -I../../../Middlewares/Third_Party/FreeRTOS/Source/CMSIS_RTOS_V2 -I../../../Middlewares/Third_Party/FreeRTOS/Source/portable/GCC/ARM_CM4F -I../../../Drivers/CMSIS/Device/ST/STM32H7xx/Include -I../../../Drivers/CMSIS/Include -I../../CM7/../../CM7/Middlewares/ST/touchgfx/framework/include -I../../../Drivers/BSP/STM32H745I-DISCO -I../../../Drivers/BSP/Components/Common -I../../../Drivers/BSP/Components/mt25tl01g -I../../../Drivers/BSP/Components/ft5336 -I../../../Drivers/BSP/Components/mt48lc4m32b2 -I../../CM7/../../CM7/TouchGFX/generated/fonts/include -I../../CM7/../../CM7/TouchGFX/generated/gui_generated/include -I../../CM7/../../CM7/TouchGFX/generated/images/include -I../../CM7/../../CM7/TouchGFX/generated/texts/include -I../../CM7/../../CM7/TouchGFX/generated/videos/include -I../../CM7/../../CM7/TouchGFX/gui/include -I"C:/TouchGFXProjects/UWBSurveying/STM32CubeIDE/CM7/Application/User/Core/usb" -O0 -ffunction-sections -fdata-sections -Wall -fstack-usage -MMD -MP -MF"Drivers/STM32H7xx_HAL_Driver/stm32h7xx_hal_flash_ex.d" -MT"Drivers/STM32H7xx_HAL_Driver/stm32h7xx_hal_flash_ex.o" --specs=nano.specs -mfpu=fpv5-d16 -mfloat-abi=hard -mthumb -o "Drivers/STM32H7xx_HAL_Driver/stm32h7xx_hal_flash_ex.o"
arm-none-eabi-gcc "C:/TouchGFXProjects/UWBSurveying/Drivers/STM32H7xx_HAL_Driver/Src/stm32h7xx_hal_gpio.c" -mcpu=cortex-m7 -std=gnu11 -g3 -DDEBUG -DCORE_CM7 -DUSE_HAL_DRIVER -DSTM32H745xx -c -I../../../CM7/Core/Inc -I../../../CM7/TouchGFX/App -I../../../CM7/TouchGFX/target/generated -I../../../CM7/TouchGFX/target -I../../../Drivers/STM32H7xx_HAL_Driver/Inc -I../../../Drivers/STM32H7xx_HAL_Driver/Inc/Legacy -I../../../Middlewares/Third_Party/FreeRTOS/Source/include -I../../../Middlewares/Third_Party/FreeRTOS/Source/CMSIS_RTOS_V2 -I../../../Middlewares/Third_Party/FreeRTOS/Source/portable/GCC/ARM_CM4F -I../../../Drivers/CMSIS/Device/ST/STM32H7xx/Include -I../../../Drivers/CMSIS/Include -I../../CM7/../../CM7/Middlewares/ST/touchgfx/framework/include -I../../../Drivers/BSP/STM32H745I-DISCO -I../../../Drivers/BSP/Components/Common -I../../../Drivers/BSP/Components/mt25tl01g -I../../../Drivers/BSP/Components/ft5336 -I../../../Drivers/BSP/Components/mt48lc4m32b2 -I../../CM7/../../CM7/TouchGFX/generated/fonts/include -I../../CM7/../../CM7/TouchGFX/generated/gui_generated/include -I../../CM7/../../CM7/TouchGFX/generated/images/include -I../../CM7/../../CM7/TouchGFX/generated/texts/include -I../../CM7/../../CM7/TouchGFX/generated/videos/include -I../../CM7/../../CM7/TouchGFX/gui/include -I"C:/TouchGFXProjects/UWBSurveying/STM32CubeIDE/CM7/Application/User/Core/usb" -O0 -ffunction-sections -fdata-sections -Wall -fstack-usage -MMD -MP -MF"Drivers/STM32H7xx_HAL_Driver/stm32h7xx_hal_gpio.d" -MT"Drivers/STM32H7xx_HAL_Driver/stm32h7xx_hal_gpio.o" --specs=nano.specs -mfpu=fpv5-d16 -mfloat-abi=hard -mthumb -o "Drivers/STM32H7xx_HAL_Driver/stm32h7xx_hal_gpio.o"
arm-none-eabi-gcc "C:/TouchGFXProjects/UWBSurveying/Drivers/STM32H7xx_HAL_Driver/Src/stm32h7xx_hal_hsem.c" -mcpu=cortex-m7 -std=gnu11 -g3 -DDEBUG -DCORE_CM7 -DUSE_HAL_DRIVER -DSTM32H745xx -c -I../../../CM7/Core/Inc -I../../../CM7/TouchGFX/App -I../../../CM7/TouchGFX/target/generated -I../../../CM7/TouchGFX/target -I../../../Drivers/STM32H7xx_HAL_Driver/Inc -I../../../Drivers/STM32H7xx_HAL_Driver/Inc/Legacy -I../../../Middlewares/Third_Party/FreeRTOS/Source/include -I../../../Middlewares/Third_Party/FreeRTOS/Source/CMSIS_RTOS_V2 -I../../../Middlewares/Third_Party/FreeRTOS/Source/portable/GCC/ARM_CM4F -I../../../Drivers/CMSIS/Device/ST/STM32H7xx/Include -I../../../Drivers/CMSIS/Include -I../../CM7/../../CM7/Middlewares/ST/touchgfx/framework/include -I../../../Drivers/BSP/STM32H745I-DISCO -I../../../Drivers/BSP/Components/Common -I../../../Drivers/BSP/Components/mt25tl01g -I../../../Drivers/BSP/Components/ft5336 -I../../../Drivers/BSP/Components/mt48lc4m32b2 -I../../CM7/../../CM7/TouchGFX/generated/fonts/include -I../../CM7/../../CM7/TouchGFX/generated/gui_generated/include -I../../CM7/../../CM7/TouchGFX/generated/images/include -I../../CM7/../../CM7/TouchGFX/generated/texts/include -I../../CM7/../../CM7/TouchGFX/generated/videos/include -I../../CM7/../../CM7/TouchGFX/gui/include -I"C:/TouchGFXProjects/UWBSurveying/STM32CubeIDE/CM7/Application/User/Core/usb" -O0 -ffunction-sections -fdata-sections -Wall -fstack-usage -MMD -MP -MF"Drivers/STM32H7xx_HAL_Driver/stm32h7xx_hal_hsem.d" -MT"Drivers/STM32H7xx_HAL_Driver/stm32h7xx_hal_hsem.o" --specs=nano.specs -mfpu=fpv5-d16 -mfloat-abi=hard -mthumb -o "Drivers/STM32H7xx_HAL_Driver/stm32h7xx_hal_hsem.o"
arm-none-eabi-gcc "C:/TouchGFXProjects/UWBSurveying/Drivers/STM32H7xx_HAL_Driver/Src/stm32h7xx_hal_i2c.c" -mcpu=cortex-m7 -std=gnu11 -g3 -DDEBUG -DCORE_CM7 -DUSE_HAL_DRIVER -DSTM32H745xx -c -I../../../CM7/Core/Inc -I../../../CM7/TouchGFX/App -I../../../CM7/TouchGFX/target/generated -I../../../CM7/TouchGFX/target -I../../../Drivers/STM32H7xx_HAL_Driver/Inc -I../../../Drivers/STM32H7xx_HAL_Driver/Inc/Legacy -I../../../Middlewares/Third_Party/FreeRTOS/Source/include -I../../../Middlewares/Third_Party/FreeRTOS/Source/CMSIS_RTOS_V2 -I../../../Middlewares/Third_Party/FreeRTOS/Source/portable/GCC/ARM_CM4F -I../../../Drivers/CMSIS/Device/ST/STM32H7xx/Include -I../../../Drivers/CMSIS/Include -I../../CM7/../../CM7/Middlewares/ST/touchgfx/framework/include -I../../../Drivers/BSP/STM32H745I-DISCO -I../../../Drivers/BSP/Components/Common -I../../../Drivers/BSP/Components/mt25tl01g -I../../../Drivers/BSP/Components/ft5336 -I../../../Drivers/BSP/Components/mt48lc4m32b2 -I../../CM7/../../CM7/TouchGFX/generated/fonts/include -I../../CM7/../../CM7/TouchGFX/generated/gui_generated/include -I../../CM7/../../CM7/TouchGFX/generated/images/include -I../../CM7/../../CM7/TouchGFX/generated/texts/include -I../../CM7/../../CM7/TouchGFX/generated/videos/include -I../../CM7/../../CM7/TouchGFX/gui/include -I"C:/TouchGFXProjects/UWBSurveying/STM32CubeIDE/CM7/Application/User/Core/usb" -O0 -ffunction-sections -fdata-sections -Wall -fstack-usage -MMD -MP -MF"Drivers/STM32H7xx_HAL_Driver/stm32h7xx_hal_i2c.d" -MT"Drivers/STM32H7xx_HAL_Driver/stm32h7xx_hal_i2c.o" --specs=nano.specs -mfpu=fpv5-d16 -mfloat-abi=hard -mthumb -o "Drivers/STM32H7xx_HAL_Driver/stm32h7xx_hal_i2c.o"
arm-none-eabi-gcc "C:/TouchGFXProjects/UWBSurveying/Drivers/STM32H7xx_HAL_Driver/Src/stm32h7xx_hal_i2c_ex.c" -mcpu=cortex-m7 -std=gnu11 -g3 -DDEBUG -DCORE_CM7 -DUSE_HAL_DRIVER -DSTM32H745xx -c -I../../../CM7/Core/Inc -I../../../CM7/TouchGFX/App -I../../../CM7/TouchGFX/target/generated -I../../../CM7/TouchGFX/target -I../../../Drivers/STM32H7xx_HAL_Driver/Inc -I../../../Drivers/STM32H7xx_HAL_Driver/Inc/Legacy -I../../../Middlewares/Third_Party/FreeRTOS/Source/include -I../../../Middlewares/Third_Party/FreeRTOS/Source/CMSIS_RTOS_V2 -I../../../Middlewares/Third_Party/FreeRTOS/Source/portable/GCC/ARM_CM4F -I../../../Drivers/CMSIS/Device/ST/STM32H7xx/Include -I../../../Drivers/CMSIS/Include -I../../CM7/../../CM7/Middlewares/ST/touchgfx/framework/include -I../../../Drivers/BSP/STM32H745I-DISCO -I../../../Drivers/BSP/Components/Common -I../../../Drivers/BSP/Components/mt25tl01g -I../../../Drivers/BSP/Components/ft5336 -I../../../Drivers/BSP/Components/mt48lc4m32b2 -I../../CM7/../../CM7/TouchGFX/generated/fonts/include -I../../CM7/../../CM7/TouchGFX/generated/gui_generated/include -I../../CM7/../../CM7/TouchGFX/generated/images/include -I../../CM7/../../CM7/TouchGFX/generated/texts/include -I../../CM7/../../CM7/TouchGFX/generated/videos/include -I../../CM7/../../CM7/TouchGFX/gui/include -I"C:/TouchGFXProjects/UWBSurveying/STM32CubeIDE/CM7/Application/User/Core/usb" -O0 -ffunction-sections -fdata-sections -Wall -fstack-usage -MMD -MP -MF"Drivers/STM32H7xx_HAL_Driver/stm32h7xx_hal_i2c_ex.d" -MT"Drivers/STM32H7xx_HAL_Driver/stm32h7xx_hal_i2c_ex.o" --specs=nano.specs -mfpu=fpv5-d16 -mfloat-abi=hard -mthumb -o "Drivers/STM32H7xx_HAL_Driver/stm32h7xx_hal_i2c_ex.o"
arm-none-eabi-gcc "C:/TouchGFXProjects/UWBSurveying/Drivers/STM32H7xx_HAL_Driver/Src/stm32h7xx_hal_ltdc.c" -mcpu=cortex-m7 -std=gnu11 -g3 -DDEBUG -DCORE_CM7 -DUSE_HAL_DRIVER -DSTM32H745xx -c -I../../../CM7/Core/Inc -I../../../CM7/TouchGFX/App -I../../../CM7/TouchGFX/target/generated -I../../../CM7/TouchGFX/target -I../../../Drivers/STM32H7xx_HAL_Driver/Inc -I../../../Drivers/STM32H7xx_HAL_Driver/Inc/Legacy -I../../../Middlewares/Third_Party/FreeRTOS/Source/include -I../../../Middlewares/Third_Party/FreeRTOS/Source/CMSIS_RTOS_V2 -I../../../Middlewares/Third_Party/FreeRTOS/Source/portable/GCC/ARM_CM4F -I../../../Drivers/CMSIS/Device/ST/STM32H7xx/Include -I../../../Drivers/CMSIS/Include -I../../CM7/../../CM7/Middlewares/ST/touchgfx/framework/include -I../../../Drivers/BSP/STM32H745I-DISCO -I../../../Drivers/BSP/Components/Common -I../../../Drivers/BSP/Components/mt25tl01g -I../../../Drivers/BSP/Components/ft5336 -I../../../Drivers/BSP/Components/mt48lc4m32b2 -I../../CM7/../../CM7/TouchGFX/generated/fonts/include -I../../CM7/../../CM7/TouchGFX/generated/gui_generated/include -I../../CM7/../../CM7/TouchGFX/generated/images/include -I../../CM7/../../CM7/TouchGFX/generated/texts/include -I../../CM7/../../CM7/TouchGFX/generated/videos/include -I../../CM7/../../CM7/TouchGFX/gui/include -I"C:/TouchGFXProjects/UWBSurveying/STM32CubeIDE/CM7/Application/User/Core/usb" -O0 -ffunction-sections -fdata-sections -Wall -fstack-usage -MMD -MP -MF"Drivers/STM32H7xx_HAL_Driver/stm32h7xx_hal_ltdc.d" -MT"Drivers/STM32H7xx_HAL_Driver/stm32h7xx_hal_ltdc.o" --specs=nano.specs -mfpu=fpv5-d16 -mfloat-abi=hard -mthumb -o "Drivers/STM32H7xx_HAL_Driver/stm32h7xx_hal_ltdc.o"
arm-none-eabi-gcc "C:/TouchGFXProjects/UWBSurveying/Drivers/STM32H7xx_HAL_Driver/Src/stm32h7xx_hal_ltdc_ex.c" -mcpu=cortex-m7 -std=gnu11 -g3 -DDEBUG -DCORE_CM7 -DUSE_HAL_DRIVER -DSTM32H745xx -c -I../../../CM7/Core/Inc -I../../../CM7/TouchGFX/App -I../../../CM7/TouchGFX/target/generated -I../../../CM7/TouchGFX/target -I../../../Drivers/STM32H7xx_HAL_Driver/Inc -I../../../Drivers/STM32H7xx_HAL_Driver/Inc/Legacy -I../../../Middlewares/Third_Party/FreeRTOS/Source/include -I../../../Middlewares/Third_Party/FreeRTOS/Source/CMSIS_RTOS_V2 -I../../../Middlewares/Third_Party/FreeRTOS/Source/portable/GCC/ARM_CM4F -I../../../Drivers/CMSIS/Device/ST/STM32H7xx/Include -I../../../Drivers/CMSIS/Include -I../../CM7/../../CM7/Middlewares/ST/touchgfx/framework/include -I../../../Drivers/BSP/STM32H745I-DISCO -I../../../Drivers/BSP/Components/Common -I../../../Drivers/BSP/Components/mt25tl01g -I../../../Drivers/BSP/Components/ft5336 -I../../../Drivers/BSP/Components/mt48lc4m32b2 -I../../CM7/../../CM7/TouchGFX/generated/fonts/include -I../../CM7/../../CM7/TouchGFX/generated/gui_generated/include -I../../CM7/../../CM7/TouchGFX/generated/images/include -I../../CM7/../../CM7/TouchGFX/generated/texts/include -I../../CM7/../../CM7/TouchGFX/generated/videos/include -I../../CM7/../../CM7/TouchGFX/gui/include -I"C:/TouchGFXProjects/UWBSurveying/STM32CubeIDE/CM7/Application/User/Core/usb" -O0 -ffunction-sections -fdata-sections -Wall -fstack-usage -MMD -MP -MF"Drivers/STM32H7xx_HAL_Driver/stm32h7xx_hal_ltdc_ex.d" -MT"Drivers/STM32H7xx_HAL_Driver/stm32h7xx_hal_ltdc_ex.o" --specs=nano.specs -mfpu=fpv5-d16 -mfloat-abi=hard -mthumb -o "Drivers/STM32H7xx_HAL_Driver/stm32h7xx_hal_ltdc_ex.o"
arm-none-eabi-gcc "C:/TouchGFXProjects/UWBSurveying/Drivers/STM32H7xx_HAL_Driver/Src/stm32h7xx_hal_mdma.c" -mcpu=cortex-m7 -std=gnu11 -g3 -DDEBUG -DCORE_CM7 -DUSE_HAL_DRIVER -DSTM32H745xx -c -I../../../CM7/Core/Inc -I../../../CM7/TouchGFX/App -I../../../CM7/TouchGFX/target/generated -I../../../CM7/TouchGFX/target -I../../../Drivers/STM32H7xx_HAL_Driver/Inc -I../../../Drivers/STM32H7xx_HAL_Driver/Inc/Legacy -I../../../Middlewares/Third_Party/FreeRTOS/Source/include -I../../../Middlewares/Third_Party/FreeRTOS/Source/CMSIS_RTOS_V2 -I../../../Middlewares/Third_Party/FreeRTOS/Source/portable/GCC/ARM_CM4F -I../../../Drivers/CMSIS/Device/ST/STM32H7xx/Include -I../../../Drivers/CMSIS/Include -I../../CM7/../../CM7/Middlewares/ST/touchgfx/framework/include -I../../../Drivers/BSP/STM32H745I-DISCO -I../../../Drivers/BSP/Components/Common -I../../../Drivers/BSP/Components/mt25tl01g -I../../../Drivers/BSP/Components/ft5336 -I../../../Drivers/BSP/Components/mt48lc4m32b2 -I../../CM7/../../CM7/TouchGFX/generated/fonts/include -I../../CM7/../../CM7/TouchGFX/generated/gui_generated/include -I../../CM7/../../CM7/TouchGFX/generated/images/include -I../../CM7/../../CM7/TouchGFX/generated/texts/include -I../../CM7/../../CM7/TouchGFX/generated/videos/include -I../../CM7/../../CM7/TouchGFX/gui/include -I"C:/TouchGFXProjects/UWBSurveying/STM32CubeIDE/CM7/Application/User/Core/usb" -O0 -ffunction-sections -fdata-sections -Wall -fstack-usage -MMD -MP -MF"Drivers/STM32H7xx_HAL_Driver/stm32h7xx_hal_mdma.d" -MT"Drivers/STM32H7xx_HAL_Driver/stm32h7xx_hal_mdma.o" --specs=nano.specs -mfpu=fpv5-d16 -mfloat-abi=hard -mthumb -o "Drivers/STM32H7xx_HAL_Driver/stm32h7xx_hal_mdma.o"
arm-none-eabi-gcc "../Drivers/STM32H7xx_HAL_Driver/stm32h7xx_hal_pcd.c" -mcpu=cortex-m7 -std=gnu11 -g3 -DDEBUG -DCORE_CM7 -DUSE_HAL_DRIVER -DSTM32H745xx -c -I../../../CM7/Core/Inc -I../../../CM7/TouchGFX/App -I../../../CM7/TouchGFX/target/generated -I../../../CM7/TouchGFX/target -I../../../Drivers/STM32H7xx_HAL_Driver/Inc -I../../../Drivers/STM32H7xx_HAL_Driver/Inc/Legacy -I../../../Middlewares/Third_Party/FreeRTOS/Source/include -I../../../Middlewares/Third_Party/FreeRTOS/Source/CMSIS_RTOS_V2 -I../../../Middlewares/Third_Party/FreeRTOS/Source/portable/GCC/ARM_CM4F -I../../../Drivers/CMSIS/Device/ST/STM32H7xx/Include -I../../../Drivers/CMSIS/Include -I../../CM7/../../CM7/Middlewares/ST/touchgfx/framework/include -I../../../Drivers/BSP/STM32H745I-DISCO -I../../../Drivers/BSP/Components/Common -I../../../Drivers/BSP/Components/mt25tl01g -I../../../Drivers/BSP/Components/ft5336 -I../../../Drivers/BSP/Components/mt48lc4m32b2 -I../../CM7/../../CM7/TouchGFX/generated/fonts/include -I../../CM7/../../CM7/TouchGFX/generated/gui_generated/include -I../../CM7/../../CM7/TouchGFX/generated/images/include -I../../CM7/../../CM7/TouchGFX/generated/texts/include -I../../CM7/../../CM7/TouchGFX/generated/videos/include -I../../CM7/../../CM7/TouchGFX/gui/include -I"C:/TouchGFXProjects/UWBSurveying/STM32CubeIDE/CM7/Application/User/Core/usb" -O0 -ffunction-sections -fdata-sections -Wall -fstack-usage -MMD -MP -MF"Drivers/STM32H7xx_HAL_Driver/stm32h7xx_hal_pcd.d" -MT"Drivers/STM32H7xx_HAL_Driver/stm32h7xx_hal_pcd.o" --specs=nano.specs -mfpu=fpv5-d16 -mfloat-abi=hard -mthumb -o "Drivers/STM32H7xx_HAL_Driver/stm32h7xx_hal_pcd.o"
arm-none-eabi-gcc "../Drivers/STM32H7xx_HAL_Driver/stm32h7xx_hal_pcd_ex.c" -mcpu=cortex-m7 -std=gnu11 -g3 -DDEBUG -DCORE_CM7 -DUSE_HAL_DRIVER -DSTM32H745xx -c -I../../../CM7/Core/Inc -I../../../CM7/TouchGFX/App -I../../../CM7/TouchGFX/target/generated -I../../../CM7/TouchGFX/target -I../../../Drivers/STM32H7xx_HAL_Driver/Inc -I../../../Drivers/STM32H7xx_HAL_Driver/Inc/Legacy -I../../../Middlewares/Third_Party/FreeRTOS/Source/include -I../../../Middlewares/Third_Party/FreeRTOS/Source/CMSIS_RTOS_V2 -I../../../Middlewares/Third_Party/FreeRTOS/Source/portable/GCC/ARM_CM4F -I../../../Drivers/CMSIS/Device/ST/STM32H7xx/Include -I../../../Drivers/CMSIS/Include -I../../CM7/../../CM7/Middlewares/ST/touchgfx/framework/include -I../../../Drivers/BSP/STM32H745I-DISCO -I../../../Drivers/BSP/Components/Common -I../../../Drivers/BSP/Components/mt25tl01g -I../../../Drivers/BSP/Components/ft5336 -I../../../Drivers/BSP/Components/mt48lc4m32b2 -I../../CM7/../../CM7/TouchGFX/generated/fonts/include -I../../CM7/../../CM7/TouchGFX/generated/gui_generated/include -I../../CM7/../../CM7/TouchGFX/generated/images/include -I../../CM7/../../CM7/TouchGFX/generated/texts/include -I../../CM7/../../CM7/TouchGFX/generated/videos/include -I../../CM7/../../CM7/TouchGFX/gui/include -I"C:/TouchGFXProjects/UWBSurveying/STM32CubeIDE/CM7/Application/User/Core/usb" -O0 -ffunction-sections -fdata-sections -Wall -fstack-usage -MMD -MP -MF"Drivers/STM32H7xx_HAL_Driver/stm32h7xx_hal_pcd_ex.d" -MT"Drivers/STM32H7xx_HAL_Driver/stm32h7xx_hal_pcd_ex.o" --specs=nano.specs -mfpu=fpv5-d16 -mfloat-abi=hard -mthumb -o "Drivers/STM32H7xx_HAL_Driver/stm32h7xx_hal_pcd_ex.o"
arm-none-eabi-gcc "C:/TouchGFXProjects/UWBSurveying/Drivers/STM32H7xx_HAL_Driver/Src/stm32h7xx_hal_pwr.c" -mcpu=cortex-m7 -std=gnu11 -g3 -DDEBUG -DCORE_CM7 -DUSE_HAL_DRIVER -DSTM32H745xx -c -I../../../CM7/Core/Inc -I../../../CM7/TouchGFX/App -I../../../CM7/TouchGFX/target/generated -I../../../CM7/TouchGFX/target -I../../../Drivers/STM32H7xx_HAL_Driver/Inc -I../../../Drivers/STM32H7xx_HAL_Driver/Inc/Legacy -I../../../Middlewares/Third_Party/FreeRTOS/Source/include -I../../../Middlewares/Third_Party/FreeRTOS/Source/CMSIS_RTOS_V2 -I../../../Middlewares/Third_Party/FreeRTOS/Source/portable/GCC/ARM_CM4F -I../../../Drivers/CMSIS/Device/ST/STM32H7xx/Include -I../../../Drivers/CMSIS/Include -I../../CM7/../../CM7/Middlewares/ST/touchgfx/framework/include -I../../../Drivers/BSP/STM32H745I-DISCO -I../../../Drivers/BSP/Components/Common -I../../../Drivers/BSP/Components/mt25tl01g -I../../../Drivers/BSP/Components/ft5336 -I../../../Drivers/BSP/Components/mt48lc4m32b2 -I../../CM7/../../CM7/TouchGFX/generated/fonts/include -I../../CM7/../../CM7/TouchGFX/generated/gui_generated/include -I../../CM7/../../CM7/TouchGFX/generated/images/include -I../../CM7/../../CM7/TouchGFX/generated/texts/include -I../../CM7/../../CM7/TouchGFX/generated/videos/include -I../../CM7/../../CM7/TouchGFX/gui/include -I"C:/TouchGFXProjects/UWBSurveying/STM32CubeIDE/CM7/Application/User/Core/usb" -O0 -ffunction-sections -fdata-sections -Wall -fstack-usage -MMD -MP -MF"Drivers/STM32H7xx_HAL_Driver/stm32h7xx_hal_pwr.d" -MT"Drivers/STM32H7xx_HAL_Driver/stm32h7xx_hal_pwr.o" --specs=nano.specs -mfpu=fpv5-d16 -mfloat-abi=hard -mthumb -o "Drivers/STM32H7xx_HAL_Driver/stm32h7xx_hal_pwr.o"
arm-none-eabi-gcc "C:/TouchGFXProjects/UWBSurveying/Drivers/STM32H7xx_HAL_Driver/Src/stm32h7xx_hal_pwr_ex.c" -mcpu=cortex-m7 -std=gnu11 -g3 -DDEBUG -DCORE_CM7 -DUSE_HAL_DRIVER -DSTM32H745xx -c -I../../../CM7/Core/Inc -I../../../CM7/TouchGFX/App -I../../../CM7/TouchGFX/target/generated -I../../../CM7/TouchGFX/target -I../../../Drivers/STM32H7xx_HAL_Driver/Inc -I../../../Drivers/STM32H7xx_HAL_Driver/Inc/Legacy -I../../../Middlewares/Third_Party/FreeRTOS/Source/include -I../../../Middlewares/Third_Party/FreeRTOS/Source/CMSIS_RTOS_V2 -I../../../Middlewares/Third_Party/FreeRTOS/Source/portable/GCC/ARM_CM4F -I../../../Drivers/CMSIS/Device/ST/STM32H7xx/Include -I../../../Drivers/CMSIS/Include -I../../CM7/../../CM7/Middlewares/ST/touchgfx/framework/include -I../../../Drivers/BSP/STM32H745I-DISCO -I../../../Drivers/BSP/Components/Common -I../../../Drivers/BSP/Components/mt25tl01g -I../../../Drivers/BSP/Components/ft5336 -I../../../Drivers/BSP/Components/mt48lc4m32b2 -I../../CM7/../../CM7/TouchGFX/generated/fonts/include -I../../CM7/../../CM7/TouchGFX/generated/gui_generated/include -I../../CM7/../../CM7/TouchGFX/generated/images/include -I../../CM7/../../CM7/TouchGFX/generated/texts/include -I../../CM7/../../CM7/TouchGFX/generated/videos/include -I../../CM7/../../CM7/TouchGFX/gui/include -I"C:/TouchGFXProjects/UWBSurveying/STM32CubeIDE/CM7/Application/User/Core/usb" -O0 -ffunction-sections -fdata-sections -Wall -fstack-usage -MMD -MP -MF"Drivers/STM32H7xx_HAL_Driver/stm32h7xx_hal_pwr_ex.d" -MT"Drivers/STM32H7xx_HAL_Driver/stm32h7xx_hal_pwr_ex.o" --specs=nano.specs -mfpu=fpv5-d16 -mfloat-abi=hard -mthumb -o "Drivers/STM32H7xx_HAL_Driver/stm32h7xx_hal_pwr_ex.o"
arm-none-eabi-gcc "C:/TouchGFXProjects/UWBSurveying/Drivers/STM32H7xx_HAL_Driver/Src/stm32h7xx_hal_qspi.c" -mcpu=cortex-m7 -std=gnu11 -g3 -DDEBUG -DCORE_CM7 -DUSE_HAL_DRIVER -DSTM32H745xx -c -I../../../CM7/Core/Inc -I../../../CM7/TouchGFX/App -I../../../CM7/TouchGFX/target/generated -I../../../CM7/TouchGFX/target -I../../../Drivers/STM32H7xx_HAL_Driver/Inc -I../../../Drivers/STM32H7xx_HAL_Driver/Inc/Legacy -I../../../Middlewares/Third_Party/FreeRTOS/Source/include -I../../../Middlewares/Third_Party/FreeRTOS/Source/CMSIS_RTOS_V2 -I../../../Middlewares/Third_Party/FreeRTOS/Source/portable/GCC/ARM_CM4F -I../../../Drivers/CMSIS/Device/ST/STM32H7xx/Include -I../../../Drivers/CMSIS/Include -I../../CM7/../../CM7/Middlewares/ST/touchgfx/framework/include -I../../../Drivers/BSP/STM32H745I-DISCO -I../../../Drivers/BSP/Components/Common -I../../../Drivers/BSP/Components/mt25tl01g -I../../../Drivers/BSP/Components/ft5336 -I../../../Drivers/BSP/Components/mt48lc4m32b2 -I../../CM7/../../CM7/TouchGFX/generated/fonts/include -I../../CM7/../../CM7/TouchGFX/generated/gui_generated/include -I../../CM7/../../CM7/TouchGFX/generated/images/include -I../../CM7/../../CM7/TouchGFX/generated/texts/include -I../../CM7/../../CM7/TouchGFX/generated/videos/include -I../../CM7/../../CM7/TouchGFX/gui/include -I"C:/TouchGFXProjects/UWBSurveying/STM32CubeIDE/CM7/Application/User/Core/usb" -O0 -ffunction-sections -fdata-sections -Wall -fstack-usage -MMD -MP -MF"Drivers/STM32H7xx_HAL_Driver/stm32h7xx_hal_qspi.d" -MT"Drivers/STM32H7xx_HAL_Driver/stm32h7xx_hal_qspi.o" --specs=nano.specs -mfpu=fpv5-d16 -mfloat-abi=hard -mthumb -o "Drivers/STM32H7xx_HAL_Driver/stm32h7xx_hal_qspi.o"
arm-none-eabi-gcc "C:/TouchGFXProjects/UWBSurveying/Drivers/STM32H7xx_HAL_Driver/Src/stm32h7xx_hal_rcc.c" -mcpu=cortex-m7 -std=gnu11 -g3 -DDEBUG -DCORE_CM7 -DUSE_HAL_DRIVER -DSTM32H745xx -c -I../../../CM7/Core/Inc -I../../../CM7/TouchGFX/App -I../../../CM7/TouchGFX/target/generated -I../../../CM7/TouchGFX/target -I../../../Drivers/STM32H7xx_HAL_Driver/Inc -I../../../Drivers/STM32H7xx_HAL_Driver/Inc/Legacy -I../../../Middlewares/Third_Party/FreeRTOS/Source/include -I../../../Middlewares/Third_Party/FreeRTOS/Source/CMSIS_RTOS_V2 -I../../../Middlewares/Third_Party/FreeRTOS/Source/portable/GCC/ARM_CM4F -I../../../Drivers/CMSIS/Device/ST/STM32H7xx/Include -I../../../Drivers/CMSIS/Include -I../../CM7/../../CM7/Middlewares/ST/touchgfx/framework/include -I../../../Drivers/BSP/STM32H745I-DISCO -I../../../Drivers/BSP/Components/Common -I../../../Drivers/BSP/Components/mt25tl01g -I../../../Drivers/BSP/Components/ft5336 -I../../../Drivers/BSP/Components/mt48lc4m32b2 -I../../CM7/../../CM7/TouchGFX/generated/fonts/include -I../../CM7/../../CM7/TouchGFX/generated/gui_generated/include -I../../CM7/../../CM7/TouchGFX/generated/images/include -I../../CM7/../../CM7/TouchGFX/generated/texts/include -I../../CM7/../../CM7/TouchGFX/generated/videos/include -I../../CM7/../../CM7/TouchGFX/gui/include -I"C:/TouchGFXProjects/UWBSurveying/STM32CubeIDE/CM7/Application/User/Core/usb" -O0 -ffunction-sections -fdata-sections -Wall -fstack-usage -MMD -MP -MF"Drivers/STM32H7xx_HAL_Driver/stm32h7xx_hal_rcc.d" -MT"Drivers/STM32H7xx_HAL_Driver/stm32h7xx_hal_rcc.o" --specs=nano.specs -mfpu=fpv5-d16 -mfloat-abi=hard -mthumb -o "Drivers/STM32H7xx_HAL_Driver/stm32h7xx_hal_rcc.o"
arm-none-eabi-gcc "C:/TouchGFXProjects/UWBSurveying/Drivers/STM32H7xx_HAL_Driver/Src/stm32h7xx_hal_rcc_ex.c" -mcpu=cortex-m7 -std=gnu11 -g3 -DDEBUG -DCORE_CM7 -DUSE_HAL_DRIVER -DSTM32H745xx -c -I../../../CM7/Core/Inc -I../../../CM7/TouchGFX/App -I../../../CM7/TouchGFX/target/generated -I../../../CM7/TouchGFX/target -I../../../Drivers/STM32H7xx_HAL_Driver/Inc -I../../../Drivers/STM32H7xx_HAL_Driver/Inc/Legacy -I../../../Middlewares/Third_Party/FreeRTOS/Source/include -I../../../Middlewares/Third_Party/FreeRTOS/Source/CMSIS_RTOS_V2 -I../../../Middlewares/Third_Party/FreeRTOS/Source/portable/GCC/ARM_CM4F -I../../../Drivers/CMSIS/Device/ST/STM32H7xx/Include -I../../../Drivers/CMSIS/Include -I../../CM7/../../CM7/Middlewares/ST/touchgfx/framework/include -I../../../Drivers/BSP/STM32H745I-DISCO -I../../../Drivers/BSP/Components/Common -I../../../Drivers/BSP/Components/mt25tl01g -I../../../Drivers/BSP/Components/ft5336 -I../../../Drivers/BSP/Components/mt48lc4m32b2 -I../../CM7/../../CM7/TouchGFX/generated/fonts/include -I../../CM7/../../CM7/TouchGFX/generated/gui_generated/include -I../../CM7/../../CM7/TouchGFX/generated/images/include -I../../CM7/../../CM7/TouchGFX/generated/texts/include -I../../CM7/../../CM7/TouchGFX/generated/videos/include -I../../CM7/../../CM7/TouchGFX/gui/include -I"C:/TouchGFXProjects/UWBSurveying/STM32CubeIDE/CM7/Application/User/Core/usb" -O0 -ffunction-sections -fdata-sections -Wall -fstack-usage -MMD -MP -MF"Drivers/STM32H7xx_HAL_Driver/stm32h7xx_hal_rcc_ex.d" -MT"Drivers/STM32H7xx_HAL_Driver/stm32h7xx_hal_rcc_ex.o" --specs=nano.specs -mfpu=fpv5-d16 -mfloat-abi=hard -mthumb -o "Drivers/STM32H7xx_HAL_Driver/stm32h7xx_hal_rcc_ex.o"
arm-none-eabi-gcc "C:/TouchGFXProjects/UWBSurveying/Drivers/STM32H7xx_HAL_Driver/Src/stm32h7xx_hal_sdram.c" -mcpu=cortex-m7 -std=gnu11 -g3 -DDEBUG -DCORE_CM7 -DUSE_HAL_DRIVER -DSTM32H745xx -c -I../../../CM7/Core/Inc -I../../../CM7/TouchGFX/App -I../../../CM7/TouchGFX/target/generated -I../../../CM7/TouchGFX/target -I../../../Drivers/STM32H7xx_HAL_Driver/Inc -I../../../Drivers/STM32H7xx_HAL_Driver/Inc/Legacy -I../../../Middlewares/Third_Party/FreeRTOS/Source/include -I../../../Middlewares/Third_Party/FreeRTOS/Source/CMSIS_RTOS_V2 -I../../../Middlewares/Third_Party/FreeRTOS/Source/portable/GCC/ARM_CM4F -I../../../Drivers/CMSIS/Device/ST/STM32H7xx/Include -I../../../Drivers/CMSIS/Include -I../../CM7/../../CM7/Middlewares/ST/touchgfx/framework/include -I../../../Drivers/BSP/STM32H745I-DISCO -I../../../Drivers/BSP/Components/Common -I../../../Drivers/BSP/Components/mt25tl01g -I../../../Drivers/BSP/Components/ft5336 -I../../../Drivers/BSP/Components/mt48lc4m32b2 -I../../CM7/../../CM7/TouchGFX/generated/fonts/include -I../../CM7/../../CM7/TouchGFX/generated/gui_generated/include -I../../CM7/../../CM7/TouchGFX/generated/images/include -I../../CM7/../../CM7/TouchGFX/generated/texts/include -I../../CM7/../../CM7/TouchGFX/generated/videos/include -I../../CM7/../../CM7/TouchGFX/gui/include -I"C:/TouchGFXProjects/UWBSurveying/STM32CubeIDE/CM7/Application/User/Core/usb" -O0 -ffunction-sections -fdata-sections -Wall -fstack-usage -MMD -MP -MF"Drivers/STM32H7xx_HAL_Driver/stm32h7xx_hal_sdram.d" -MT"Drivers/STM32H7xx_HAL_Driver/stm32h7xx_hal_sdram.o" --specs=nano.specs -mfpu=fpv5-d16 -mfloat-abi=hard -mthumb -o "Drivers/STM32H7xx_HAL_Driver/stm32h7xx_hal_sdram.o"
arm-none-eabi-gcc "../Drivers/STM32H7xx_HAL_Driver/stm32h7xx_hal_spi.c" -mcpu=cortex-m7 -std=gnu11 -g3 -DDEBUG -DCORE_CM7 -DUSE_HAL_DRIVER -DSTM32H745xx -c -I../../../CM7/Core/Inc -I../../../CM7/TouchGFX/App -I../../../CM7/TouchGFX/target/generated -I../../../CM7/TouchGFX/target -I../../../Drivers/STM32H7xx_HAL_Driver/Inc -I../../../Drivers/STM32H7xx_HAL_Driver/Inc/Legacy -I../../../Middlewares/Third_Party/FreeRTOS/Source/include -I../../../Middlewares/Third_Party/FreeRTOS/Source/CMSIS_RTOS_V2 -I../../../Middlewares/Third_Party/FreeRTOS/Source/portable/GCC/ARM_CM4F -I../../../Drivers/CMSIS/Device/ST/STM32H7xx/Include -I../../../Drivers/CMSIS/Include -I../../CM7/../../CM7/Middlewares/ST/touchgfx/framework/include -I../../../Drivers/BSP/STM32H745I-DISCO -I../../../Drivers/BSP/Components/Common -I../../../Drivers/BSP/Components/mt25tl01g -I../../../Drivers/BSP/Components/ft5336 -I../../../Drivers/BSP/Components/mt48lc4m32b2 -I../../CM7/../../CM7/TouchGFX/generated/fonts/include -I../../CM7/../../CM7/TouchGFX/generated/gui_generated/include -I../../CM7/../../CM7/TouchGFX/generated/images/include -I../../CM7/../../CM7/TouchGFX/generated/texts/include -I../../CM7/../../CM7/TouchGFX/generated/videos/include -I../../CM7/../../CM7/TouchGFX/gui/include -I"C:/TouchGFXProjects/UWBSurveying/STM32CubeIDE/CM7/Application/User/Core/usb" -O0 -ffunction-sections -fdata-sections -Wall -fstack-usage -MMD -MP -MF"Drivers/STM32H7xx_HAL_Driver/stm32h7xx_hal_spi.d" -MT"Drivers/STM32H7xx_HAL_Driver/stm32h7xx_hal_spi.o" --specs=nano.specs -mfpu=fpv5-d16 -mfloat-abi=hard -mthumb -o "Drivers/STM32H7xx_HAL_Driver/stm32h7xx_hal_spi.o"
arm-none-eabi-gcc "../Drivers/STM32H7xx_HAL_Driver/stm32h7xx_hal_spi_ex.c" -mcpu=cortex-m7 -std=gnu11 -g3 -DDEBUG -DCORE_CM7 -DUSE_HAL_DRIVER -DSTM32H745xx -c -I../../../CM7/Core/Inc -I../../../CM7/TouchGFX/App -I../../../CM7/TouchGFX/target/generated -I../../../CM7/TouchGFX/target -I../../../Drivers/STM32H7xx_HAL_Driver/Inc -I../../../Drivers/STM32H7xx_HAL_Driver/Inc/Legacy -I../../../Middlewares/Third_Party/FreeRTOS/Source/include -I../../../Middlewares/Third_Party/FreeRTOS/Source/CMSIS_RTOS_V2 -I../../../Middlewares/Third_Party/FreeRTOS/Source/portable/GCC/ARM_CM4F -I../../../Drivers/CMSIS/Device/ST/STM32H7xx/Include -I../../../Drivers/CMSIS/Include -I../../CM7/../../CM7/Middlewares/ST/touchgfx/framework/include -I../../../Drivers/BSP/STM32H745I-DISCO -I../../../Drivers/BSP/Components/Common -I../../../Drivers/BSP/Components/mt25tl01g -I../../../Drivers/BSP/Components/ft5336 -I../../../Drivers/BSP/Components/mt48lc4m32b2 -I../../CM7/../../CM7/TouchGFX/generated/fonts/include -I../../CM7/../../CM7/TouchGFX/generated/gui_generated/include -I../../CM7/../../CM7/TouchGFX/generated/images/include -I../../CM7/../../CM7/TouchGFX/generated/texts/include -I../../CM7/../../CM7/TouchGFX/generated/videos/include -I../../CM7/../../CM7/TouchGFX/gui/include -I"C:/TouchGFXProjects/UWBSurveying/STM32CubeIDE/CM7/Application/User/Core/usb" -O0 -ffunction-sections -fdata-sections -Wall -fstack-usage -MMD -MP -MF"Drivers/STM32H7xx_HAL_Driver/stm32h7xx_hal_spi_ex.d" -MT"Drivers/STM32H7xx_HAL_Driver/stm32h7xx_hal_spi_ex.o" --specs=nano.specs -mfpu=fpv5-d16 -mfloat-abi=hard -mthumb -o "Drivers/STM32H7xx_HAL_Driver/stm32h7xx_hal_spi_ex.o"
arm-none-eabi-gcc "C:/TouchGFXProjects/UWBSurveying/Drivers/STM32H7xx_HAL_Driver/Src/stm32h7xx_hal_tim.c" -mcpu=cortex-m7 -std=gnu11 -g3 -DDEBUG -DCORE_CM7 -DUSE_HAL_DRIVER -DSTM32H745xx -c -I../../../CM7/Core/Inc -I../../../CM7/TouchGFX/App -I../../../CM7/TouchGFX/target/generated -I../../../CM7/TouchGFX/target -I../../../Drivers/STM32H7xx_HAL_Driver/Inc -I../../../Drivers/STM32H7xx_HAL_Driver/Inc/Legacy -I../../../Middlewares/Third_Party/FreeRTOS/Source/include -I../../../Middlewares/Third_Party/FreeRTOS/Source/CMSIS_RTOS_V2 -I../../../Middlewares/Third_Party/FreeRTOS/Source/portable/GCC/ARM_CM4F -I../../../Drivers/CMSIS/Device/ST/STM32H7xx/Include -I../../../Drivers/CMSIS/Include -I../../CM7/../../CM7/Middlewares/ST/touchgfx/framework/include -I../../../Drivers/BSP/STM32H745I-DISCO -I../../../Drivers/BSP/Components/Common -I../../../Drivers/BSP/Components/mt25tl01g -I../../../Drivers/BSP/Components/ft5336 -I../../../Drivers/BSP/Components/mt48lc4m32b2 -I../../CM7/../../CM7/TouchGFX/generated/fonts/include -I../../CM7/../../CM7/TouchGFX/generated/gui_generated/include -I../../CM7/../../CM7/TouchGFX/generated/images/include -I../../CM7/../../CM7/TouchGFX/generated/texts/include -I../../CM7/../../CM7/TouchGFX/generated/videos/include -I../../CM7/../../CM7/TouchGFX/gui/include -I"C:/TouchGFXProjects/UWBSurveying/STM32CubeIDE/CM7/Application/User/Core/usb" -O0 -ffunction-sections -fdata-sections -Wall -fstack-usage -MMD -MP -MF"Drivers/STM32H7xx_HAL_Driver/stm32h7xx_hal_tim.d" -MT"Drivers/STM32H7xx_HAL_Driver/stm32h7xx_hal_tim.o" --specs=nano.specs -mfpu=fpv5-d16 -mfloat-abi=hard -mthumb -o "Drivers/STM32H7xx_HAL_Driver/stm32h7xx_hal_tim.o"
arm-none-eabi-gcc "C:/TouchGFXProjects/UWBSurveying/Drivers/STM32H7xx_HAL_Driver/Src/stm32h7xx_hal_tim_ex.c" -mcpu=cortex-m7 -std=gnu11 -g3 -DDEBUG -DCORE_CM7 -DUSE_HAL_DRIVER -DSTM32H745xx -c -I../../../CM7/Core/Inc -I../../../CM7/TouchGFX/App -I../../../CM7/TouchGFX/target/generated -I../../../CM7/TouchGFX/target -I../../../Drivers/STM32H7xx_HAL_Driver/Inc -I../../../Drivers/STM32H7xx_HAL_Driver/Inc/Legacy -I../../../Middlewares/Third_Party/FreeRTOS/Source/include -I../../../Middlewares/Third_Party/FreeRTOS/Source/CMSIS_RTOS_V2 -I../../../Middlewares/Third_Party/FreeRTOS/Source/portable/GCC/ARM_CM4F -I../../../Drivers/CMSIS/Device/ST/STM32H7xx/Include -I../../../Drivers/CMSIS/Include -I../../CM7/../../CM7/Middlewares/ST/touchgfx/framework/include -I../../../Drivers/BSP/STM32H745I-DISCO -I../../../Drivers/BSP/Components/Common -I../../../Drivers/BSP/Components/mt25tl01g -I../../../Drivers/BSP/Components/ft5336 -I../../../Drivers/BSP/Components/mt48lc4m32b2 -I../../CM7/../../CM7/TouchGFX/generated/fonts/include -I../../CM7/../../CM7/TouchGFX/generated/gui_generated/include -I../../CM7/../../CM7/TouchGFX/generated/images/include -I../../CM7/../../CM7/TouchGFX/generated/texts/include -I../../CM7/../../CM7/TouchGFX/generated/videos/include -I../../CM7/../../CM7/TouchGFX/gui/include -I"C:/TouchGFXProjects/UWBSurveying/STM32CubeIDE/CM7/Application/User/Core/usb" -O0 -ffunction-sections -fdata-sections -Wall -fstack-usage -MMD -MP -MF"Drivers/STM32H7xx_HAL_Driver/stm32h7xx_hal_tim_ex.d" -MT"Drivers/STM32H7xx_HAL_Driver/stm32h7xx_hal_tim_ex.o" --specs=nano.specs -mfpu=fpv5-d16 -mfloat-abi=hard -mthumb -o "Drivers/STM32H7xx_HAL_Driver/stm32h7xx_hal_tim_ex.o"
arm-none-eabi-gcc "../Drivers/STM32H7xx_HAL_Driver/stm32h7xx_hal_uart.c" -mcpu=cortex-m7 -std=gnu11 -g3 -DDEBUG -DCORE_CM7 -DUSE_HAL_DRIVER -DSTM32H745xx -c -I../../../CM7/Core/Inc -I../../../CM7/TouchGFX/App -I../../../CM7/TouchGFX/target/generated -I../../../CM7/TouchGFX/target -I../../../Drivers/STM32H7xx_HAL_Driver/Inc -I../../../Drivers/STM32H7xx_HAL_Driver/Inc/Legacy -I../../../Middlewares/Third_Party/FreeRTOS/Source/include -I../../../Middlewares/Third_Party/FreeRTOS/Source/CMSIS_RTOS_V2 -I../../../Middlewares/Third_Party/FreeRTOS/Source/portable/GCC/ARM_CM4F -I../../../Drivers/CMSIS/Device/ST/STM32H7xx/Include -I../../../Drivers/CMSIS/Include -I../../CM7/../../CM7/Middlewares/ST/touchgfx/framework/include -I../../../Drivers/BSP/STM32H745I-DISCO -I../../../Drivers/BSP/Components/Common -I../../../Drivers/BSP/Components/mt25tl01g -I../../../Drivers/BSP/Components/ft5336 -I../../../Drivers/BSP/Components/mt48lc4m32b2 -I../../CM7/../../CM7/TouchGFX/generated/fonts/include -I../../CM7/../../CM7/TouchGFX/generated/gui_generated/include -I../../CM7/../../CM7/TouchGFX/generated/images/include -I../../CM7/../../CM7/TouchGFX/generated/texts/include -I../../CM7/../../CM7/TouchGFX/generated/videos/include -I../../CM7/../../CM7/TouchGFX/gui/include -I"C:/TouchGFXProjects/UWBSurveying/STM32CubeIDE/CM7/Application/User/Core/usb" -O0 -ffunction-sections -fdata-sections -Wall -fstack-usage -MMD -MP -MF"Drivers/STM32H7xx_HAL_Driver/stm32h7xx_hal_uart.d" -MT"Drivers/STM32H7xx_HAL_Driver/stm32h7xx_hal_uart.o" --specs=nano.specs -mfpu=fpv5-d16 -mfloat-abi=hard -mthumb -o "Drivers/STM32H7xx_HAL_Driver/stm32h7xx_hal_uart.o"
arm-none-eabi-gcc "../Drivers/STM32H7xx_HAL_Driver/stm32h7xx_hal_uart_ex.c" -mcpu=cortex-m7 -std=gnu11 -g3 -DDEBUG -DCORE_CM7 -DUSE_HAL_DRIVER -DSTM32H745xx -c -I../../../CM7/Core/Inc -I../../../CM7/TouchGFX/App -I../../../CM7/TouchGFX/target/generated -I../../../CM7/TouchGFX/target -I../../../Drivers/STM32H7xx_HAL_Driver/Inc -I../../../Drivers/STM32H7xx_HAL_Driver/Inc/Legacy -I../../../Middlewares/Third_Party/FreeRTOS/Source/include -I../../../Middlewares/Third_Party/FreeRTOS/Source/CMSIS_RTOS_V2 -I../../../Middlewares/Third_Party/FreeRTOS/Source/portable/GCC/ARM_CM4F -I../../../Drivers/CMSIS/Device/ST/STM32H7xx/Include -I../../../Drivers/CMSIS/Include -I../../CM7/../../CM7/Middlewares/ST/touchgfx/framework/include -I../../../Drivers/BSP/STM32H745I-DISCO -I../../../Drivers/BSP/Components/Common -I../../../Drivers/BSP/Components/mt25tl01g -I../../../Drivers/BSP/Components/ft5336 -I../../../Drivers/BSP/Components/mt48lc4m32b2 -I../../CM7/../../CM7/TouchGFX/generated/fonts/include -I../../CM7/../../CM7/TouchGFX/generated/gui_generated/include -I../../CM7/../../CM7/TouchGFX/generated/images/include -I../../CM7/../../CM7/TouchGFX/generated/texts/include -I../../CM7/../../CM7/TouchGFX/generated/videos/include -I../../CM7/../../CM7/TouchGFX/gui/include -I"C:/TouchGFXProjects/UWBSurveying/STM32CubeIDE/CM7/Application/User/Core/usb" -O0 -ffunction-sections -fdata-sections -Wall -fstack-usage -MMD -MP -MF"Drivers/STM32H7xx_HAL_Driver/stm32h7xx_hal_uart_ex.d" -MT"Drivers/STM32H7xx_HAL_Driver/stm32h7xx_hal_uart_ex.o" --specs=nano.specs -mfpu=fpv5-d16 -mfloat-abi=hard -mthumb -o "Drivers/STM32H7xx_HAL_Driver/stm32h7xx_hal_uart_ex.o"
arm-none-eabi-gcc "C:/TouchGFXProjects/UWBSurveying/Drivers/STM32H7xx_HAL_Driver/Src/stm32h7xx_ll_fmc.c" -mcpu=cortex-m7 -std=gnu11 -g3 -DDEBUG -DCORE_CM7 -DUSE_HAL_DRIVER -DSTM32H745xx -c -I../../../CM7/Core/Inc -I../../../CM7/TouchGFX/App -I../../../CM7/TouchGFX/target/generated -I../../../CM7/TouchGFX/target -I../../../Drivers/STM32H7xx_HAL_Driver/Inc -I../../../Drivers/STM32H7xx_HAL_Driver/Inc/Legacy -I../../../Middlewares/Third_Party/FreeRTOS/Source/include -I../../../Middlewares/Third_Party/FreeRTOS/Source/CMSIS_RTOS_V2 -I../../../Middlewares/Third_Party/FreeRTOS/Source/portable/GCC/ARM_CM4F -I../../../Drivers/CMSIS/Device/ST/STM32H7xx/Include -I../../../Drivers/CMSIS/Include -I../../CM7/../../CM7/Middlewares/ST/touchgfx/framework/include -I../../../Drivers/BSP/STM32H745I-DISCO -I../../../Drivers/BSP/Components/Common -I../../../Drivers/BSP/Components/mt25tl01g -I../../../Drivers/BSP/Components/ft5336 -I../../../Drivers/BSP/Components/mt48lc4m32b2 -I../../CM7/../../CM7/TouchGFX/generated/fonts/include -I../../CM7/../../CM7/TouchGFX/generated/gui_generated/include -I../../CM7/../../CM7/TouchGFX/generated/images/include -I../../CM7/../../CM7/TouchGFX/generated/texts/include -I../../CM7/../../CM7/TouchGFX/generated/videos/include -I../../CM7/../../CM7/TouchGFX/gui/include -I"C:/TouchGFXProjects/UWBSurveying/STM32CubeIDE/CM7/Application/User/Core/usb" -O0 -ffunction-sections -fdata-sections -Wall -fstack-usage -MMD -MP -MF"Drivers/STM32H7xx_HAL_Driver/stm32h7xx_ll_fmc.d" -MT"Drivers/STM32H7xx_HAL_Driver/stm32h7xx_ll_fmc.o" --specs=nano.specs -mfpu=fpv5-d16 -mfloat-abi=hard -mthumb -o "Drivers/STM32H7xx_HAL_Driver/stm32h7xx_ll_fmc.o"
arm-none-eabi-gcc "../Drivers/STM32H7xx_HAL_Driver/stm32h7xx_ll_usb.c" -mcpu=cortex-m7 -std=gnu11 -g3 -DDEBUG -DCORE_CM7 -DUSE_HAL_DRIVER -DSTM32H745xx -c -I../../../CM7/Core/Inc -I../../../CM7/TouchGFX/App -I../../../CM7/TouchGFX/target/generated -I../../../CM7/TouchGFX/target -I../../../Drivers/STM32H7xx_HAL_Driver/Inc -I../../../Drivers/STM32H7xx_HAL_Driver/Inc/Legacy -I../../../Middlewares/Third_Party/FreeRTOS/Source/include -I../../../Middlewares/Third_Party/FreeRTOS/Source/CMSIS_RTOS_V2 -I../../../Middlewares/Third_Party/FreeRTOS/Source/portable/GCC/ARM_CM4F -I../../../Drivers/CMSIS/Device/ST/STM32H7xx/Include -I../../../Drivers/CMSIS/Include -I../../CM7/../../CM7/Middlewares/ST/touchgfx/framework/include -I../../../Drivers/BSP/STM32H745I-DISCO -I../../../Drivers/BSP/Components/Common -I../../../Drivers/BSP/Components/mt25tl01g -I../../../Drivers/BSP/Components/ft5336 -I../../../Drivers/BSP/Components/mt48lc4m32b2 -I../../CM7/../../CM7/TouchGFX/generated/fonts/include -I../../CM7/../../CM7/TouchGFX/generated/gui_generated/include -I../../CM7/../../CM7/TouchGFX/generated/images/include -I../../CM7/../../CM7/TouchGFX/generated/texts/include -I../../CM7/../../CM7/TouchGFX/generated/videos/include -I../../CM7/../../CM7/TouchGFX/gui/include -I"C:/TouchGFXProjects/UWBSurveying/STM32CubeIDE/CM7/Application/User/Core/usb" -O0 -ffunction-sections -fdata-sections -Wall -fstack-usage -MMD -MP -MF"Drivers/STM32H7xx_HAL_Driver/stm32h7xx_ll_usb.d" -MT"Drivers/STM32H7xx_HAL_Driver/stm32h7xx_ll_usb.o" --specs=nano.specs -mfpu=fpv5-d16 -mfloat-abi=hard -mthumb -o "Drivers/STM32H7xx_HAL_Driver/stm32h7xx_ll_usb.o"
arm-none-eabi-gcc "C:/TouchGFXProjects/UWBSurveying/Drivers/BSP/STM32H745I-DISCO/stm32h745i_discovery.c" -mcpu=cortex-m7 -std=gnu11 -g3 -DDEBUG -DCORE_CM7 -DUSE_HAL_DRIVER -DSTM32H745xx -c -I../../../CM7/Core/Inc -I../../../CM7/TouchGFX/App -I../../../CM7/TouchGFX/target/generated -I../../../CM7/TouchGFX/target -I../../../Drivers/STM32H7xx_HAL_Driver/Inc -I../../../Drivers/STM32H7xx_HAL_Driver/Inc/Legacy -I../../../Middlewares/Third_Party/FreeRTOS/Source/include -I../../../Middlewares/Third_Party/FreeRTOS/Source/CMSIS_RTOS_V2 -I../../../Middlewares/Third_Party/FreeRTOS/Source/portable/GCC/ARM_CM4F -I../../../Drivers/CMSIS/Device/ST/STM32H7xx/Include -I../../../Drivers/CMSIS/Include -I../../CM7/../../CM7/Middlewares/ST/touchgfx/framework/include -I../../../Drivers/BSP/STM32H745I-DISCO -I../../../Drivers/BSP/Components/Common -I../../../Drivers/BSP/Components/mt25tl01g -I../../../Drivers/BSP/Components/ft5336 -I../../../Drivers/BSP/Components/mt48lc4m32b2 -I../../CM7/../../CM7/TouchGFX/generated/fonts/include -I../../CM7/../../CM7/TouchGFX/generated/gui_generated/include -I../../CM7/../../CM7/TouchGFX/generated/images/include -I../../CM7/../../CM7/TouchGFX/generated/texts/include -I../../CM7/../../CM7/TouchGFX/generated/videos/include -I../../CM7/../../CM7/TouchGFX/gui/include -I"C:/TouchGFXProjects/UWBSurveying/STM32CubeIDE/CM7/Application/User/Core/usb" -O0 -ffunction-sections -fdata-sections -Wall -fstack-usage -MMD -MP -MF"Drivers/STM32H745I-DISCO/stm32h745i_discovery.d" -MT"Drivers/STM32H745I-DISCO/stm32h745i_discovery.o" --specs=nano.specs -mfpu=fpv5-d16 -mfloat-abi=hard -mthumb -o "Drivers/STM32H745I-DISCO/stm32h745i_discovery.o"
[...]
arm-none-eabi-gcc "../Application/User/Core/decadriver/deca_spi.c" -mcpu=cortex-m7 -std=gnu11 -g3 -DDEBUG -DCORE_CM7 -DUSE_HAL_DRIVER -DSTM32H745xx -c -I../../../CM7/Core/Inc -I../../../CM7/TouchGFX/App -I../../../CM7/TouchGFX/target/generated -I../../../CM7/TouchGFX/target -I../../../Drivers/STM32H7xx_HAL_Driver/Inc -I../../../Drivers/STM32H7xx_HAL_Driver/Inc/Legacy -I../../../Middlewares/Third_Party/FreeRTOS/Source/include -I../../../Middlewares/Third_Party/FreeRTOS/Source/CMSIS_RTOS_V2 -I../../../Middlewares/Third_Party/FreeRTOS/Source/portable/GCC/ARM_CM4F -I../../../Drivers/CMSIS/Device/ST/STM32H7xx/Include -I../../../Drivers/CMSIS/Include -I../../CM7/../../CM7/Middlewares/ST/touchgfx/framework/include -I../../../Drivers/BSP/STM32H745I-DISCO -I../../../Drivers/BSP/Components/Common -I../../../Drivers/BSP/Components/mt25tl01g -I../../../Drivers/BSP/Components/ft5336 -I../../../Drivers/BSP/Components/mt48lc4m32b2 -I../../CM7/../../CM7/TouchGFX/generated/fonts/include -I../../CM7/../../CM7/TouchGFX/generated/gui_generated/include -I../../CM7/../../CM7/TouchGFX/generated/images/include -I../../CM7/../../CM7/TouchGFX/generated/texts/include -I../../CM7/../../CM7/TouchGFX/generated/videos/include -I../../CM7/../../CM7/TouchGFX/gui/include -I"C:/TouchGFXProjects/UWBSurveying/STM32CubeIDE/CM7/Application/User/Core/usb" -O0 -ffunction-sections -fdata-sections -Wall -fstack-usage -MMD -MP -MF"Application/User/Core/decadriver/deca_spi.d" -MT"Application/User/Core/decadriver/deca_spi.o" --specs=nano.specs -mfpu=fpv5-d16 -mfloat-abi=hard -mthumb -o "Application/User/Core/decadriver/deca_spi.o"
arm-none-eabi-gcc "../Application/User/Core/decadriver/port.c" -mcpu=cortex-m7 -std=gnu11 -g3 -DDEBUG -DCORE_CM7 -DUSE_HAL_DRIVER -DSTM32H745xx -c -I../../../CM7/Core/Inc -I../../../CM7/TouchGFX/App -I../../../CM7/TouchGFX/target/generated -I../../../CM7/TouchGFX/target -I../../../Drivers/STM32H7xx_HAL_Driver/Inc -I../../../Drivers/STM32H7xx_HAL_Driver/Inc/Legacy -I../../../Middlewares/Third_Party/FreeRTOS/Source/include -I../../../Middlewares/Third_Party/FreeRTOS/Source/CMSIS_RTOS_V2 -I../../../Middlewares/Third_Party/FreeRTOS/Source/portable/GCC/ARM_CM4F -I../../../Drivers/CMSIS/Device/ST/STM32H7xx/Include -I../../../Drivers/CMSIS/Include -I../../CM7/../../CM7/Middlewares/ST/touchgfx/framework/include -I../../../Drivers/BSP/STM32H745I-DISCO -I../../../Drivers/BSP/Components/Common -I../../../Drivers/BSP/Components/mt25tl01g -I../../../Drivers/BSP/Components/ft5336 -I../../../Drivers/BSP/Components/mt48lc4m32b2 -I../../CM7/../../CM7/TouchGFX/generated/fonts/include -I../../CM7/../../CM7/TouchGFX/generated/gui_generated/include -I../../CM7/../../CM7/TouchGFX/generated/images/include -I../../CM7/../../CM7/TouchGFX/generated/texts/include -I../../CM7/../../CM7/TouchGFX/generated/videos/include -I../../CM7/../../CM7/TouchGFX/gui/include -I"C:/TouchGFXProjects/UWBSurveying/STM32CubeIDE/CM7/Application/User/Core/usb" -O0 -ffunction-sections -fdata-sections -Wall -fstack-usage -MMD -MP -MF"Application/User/Core/decadriver/port.d" -MT"Application/User/Core/decadriver/port.o" --specs=nano.specs -mfpu=fpv5-d16 -mfloat-abi=hard -mthumb -o "Application/User/Core/decadriver/port.o"
arm-none-eabi-gcc "../Application/User/Core/decadriver/stdio.c" -mcpu=cortex-m7 -std=gnu11 -g3 -DDEBUG -DCORE_CM7 -DUSE_HAL_DRIVER -DSTM32H745xx -c -I../../../CM7/Core/Inc -I../../../CM7/TouchGFX/App -I../../../CM7/TouchGFX/target/generated -I../../../CM7/TouchGFX/target -I../../../Drivers/STM32H7xx_HAL_Driver/Inc -I../../../Drivers/STM32H7xx_HAL_Driver/Inc/Legacy -I../../../Middlewares/Third_Party/FreeRTOS/Source/include -I../../../Middlewares/Third_Party/FreeRTOS/Source/CMSIS_RTOS_V2 -I../../../Middlewares/Third_Party/FreeRTOS/Source/portable/GCC/ARM_CM4F -I../../../Drivers/CMSIS/Device/ST/STM32H7xx/Include -I../../../Drivers/CMSIS/Include -I../../CM7/../../CM7/Middlewares/ST/touchgfx/framework/include -I../../../Drivers/BSP/STM32H745I-DISCO -I../../../Drivers/BSP/Components/Common -I../../../Drivers/BSP/Components/mt25tl01g -I../../../Drivers/BSP/Components/ft5336 -I../../../Drivers/BSP/Components/mt48lc4m32b2 -I../../CM7/../../CM7/TouchGFX/generated/fonts/include -I../../CM7/../../CM7/TouchGFX/generated/gui_generated/include -I../../CM7/../../CM7/TouchGFX/generated/images/include -I../../CM7/../../CM7/TouchGFX/generated/texts/include -I../../CM7/../../CM7/TouchGFX/generated/videos/include -I../../CM7/../../CM7/TouchGFX/gui/include -I"C:/TouchGFXProjects/UWBSurveying/STM32CubeIDE/CM7/Application/User/Core/usb" -O0 -ffunction-sections -fdata-sections -Wall -fstack-usage -MMD -MP -MF"Application/User/Core/decadriver/stdio.d" -MT"Application/User/Core/decadriver/stdio.o" --specs=nano.specs -mfpu=fpv5-d16 -mfloat-abi=hard -mthumb -o "Application/User/Core/decadriver/stdio.o"
arm-none-eabi-gcc "C:/TouchGFXProjects/UWBSurveying/CM7/Core/Src/freertos.c" -mcpu=cortex-m7 -std=gnu11 -g3 -DDEBUG -DCORE_CM7 -DUSE_HAL_DRIVER -DSTM32H745xx -c -I../../../CM7/Core/Inc -I../../../CM7/TouchGFX/App -I../../../CM7/TouchGFX/target/generated -I../../../CM7/TouchGFX/target -I../../../Drivers/STM32H7xx_HAL_Driver/Inc -I../../../Drivers/STM32H7xx_HAL_Driver/Inc/Legacy -I../../../Middlewares/Third_Party/FreeRTOS/Source/include -I../../../Middlewares/Third_Party/FreeRTOS/Source/CMSIS_RTOS_V2 -I../../../Middlewares/Third_Party/FreeRTOS/Source/portable/GCC/ARM_CM4F -I../../../Drivers/CMSIS/Device/ST/STM32H7xx/Include -I../../../Drivers/CMSIS/Include -I../../CM7/../../CM7/Middlewares/ST/touchgfx/framework/include -I../../../Drivers/BSP/STM32H745I-DISCO -I../../../Drivers/BSP/Components/Common -I../../../Drivers/BSP/Components/mt25tl01g -I../../../Drivers/BSP/Components/ft5336 -I../../../Drivers/BSP/Components/mt48lc4m32b2 -I../../CM7/../../CM7/TouchGFX/generated/fonts/include -I../../CM7/../../CM7/TouchGFX/generated/gui_generated/include -I../../CM7/../../CM7/TouchGFX/generated/images/include -I../../CM7/../../CM7/TouchGFX/generated/texts/include -I../../CM7/../../CM7/TouchGFX/generated/videos/include -I../../CM7/../../CM7/TouchGFX/gui/include -I"C:/TouchGFXProjects/UWBSurveying/STM32CubeIDE/CM7/Application/User/Core/usb" -O0 -ffunction-sections -fdata-sections -Wall -fstack-usage -MMD -MP -MF"Application/User/Core/freertos.d" -MT"Application/User/Core/freertos.o" --specs=nano.specs -mfpu=fpv5-d16 -mfloat-abi=hard -mthumb -o "Application/User/Core/freertos.o"
arm-none-eabi-gcc "C:/TouchGFXProjects/UWBSurveying/CM7/Core/Src/main.c" -mcpu=cortex-m7 -std=gnu11 -g3 -DDEBUG -DCORE_CM7 -DUSE_HAL_DRIVER -DSTM32H745xx -c -I../../../CM7/Core/Inc -I../../../CM7/TouchGFX/App -I../../../CM7/TouchGFX/target/generated -I../../../CM7/TouchGFX/target -I../../../Drivers/STM32H7xx_HAL_Driver/Inc -I../../../Drivers/STM32H7xx_HAL_Driver/Inc/Legacy -I../../../Middlewares/Third_Party/FreeRTOS/Source/include -I../../../Middlewares/Third_Party/FreeRTOS/Source/CMSIS_RTOS_V2 -I../../../Middlewares/Third_Party/FreeRTOS/Source/portable/GCC/ARM_CM4F -I../../../Drivers/CMSIS/Device/ST/STM32H7xx/Include -I../../../Drivers/CMSIS/Include -I../../CM7/../../CM7/Middlewares/ST/touchgfx/framework/include -I../../../Drivers/BSP/STM32H745I-DISCO -I../../../Drivers/BSP/Components/mt25tl01g -I../../../Drivers/BSP/Components/ft5336 -I../../../Drivers/BSP/Components/mt48lc4m32b2 -I../../CM7/../../CM7/TouchGFX/generated/fonts/include -I../../CM7/../../CM7/TouchGFX/generated/gui_generated/include -I../../CM7/../../CM7/TouchGFX/generated/images/include -I../../CM7/../../CM7/TouchGFX/generated/texts/include -I../../CM7/../../CM7/TouchGFX/generated/videos/include -I../../CM7/../../CM7/TouchGFX/gui/include -O0 -ffunction-sections -fdata-sections -Wall -fstack-usage -MMD -MP -MF"Application/User/Core/main.d" -MT"Application/User/Core/main.o" --specs=nano.specs -mfpu=fpv5-d16 -mfloat-abi=hard -mthumb -o "Application/User/Core/main.o"
arm-none-eabi-gcc "../Application/User/Core/main_routine.c" -mcpu=cortex-m7 -std=gnu11 -g3 -DDEBUG -DCORE_CM7 -DUSE_HAL_DRIVER -DSTM32H745xx -c -I../../../CM7/Core/Inc -I../../../CM7/TouchGFX/App -I../../../CM7/TouchGFX/target/generated -I../../../CM7/TouchGFX/target -I../../../Drivers/STM32H7xx_HAL_Driver/Inc -I../../../Drivers/STM32H7xx_HAL_Driver/Inc/Legacy -I../../../Middlewares/Third_Party/FreeRTOS/Source/include -I../../../Middlewares/Third_Party/FreeRTOS/Source/CMSIS_RTOS_V2 -I../../../Middlewares/Third_Party/FreeRTOS/Source/portable/GCC/ARM_CM4F -I../../../Drivers/CMSIS/Device/ST/STM32H7xx/Include -I../../../Drivers/CMSIS/Include -I../../CM7/../../CM7/Middlewares/ST/touchgfx/framework/include -I../../../Drivers/BSP/STM32H745I-DISCO -I../../../Drivers/BSP/Components/Common -I../../../Drivers/BSP/Components/mt25tl01g -I../../../Drivers/BSP/Components/ft5336 -I../../../Drivers/BSP/Components/mt48lc4m32b2 -I../../CM7/../../CM7/TouchGFX/generated/fonts/include -I../../CM7/../../CM7/TouchGFX/generated/gui_generated/include -I../../CM7/../../CM7/TouchGFX/generated/images/include -I../../CM7/../../CM7/TouchGFX/generated/texts/include -I../../CM7/../../CM7/TouchGFX/generated/videos/include -I../../CM7/../../CM7/TouchGFX/gui/include -I"C:/TouchGFXProjects/UWBSurveying/STM32CubeIDE/CM7/Application/User/Core/usb" -O0 -ffunction-sections -fdata-sections -Wall -fstack-usage -MMD -MP -MF"Application/User/Core/main_routine.d" -MT"Application/User/Core/main_routine.o" --specs=nano.specs -mfpu=fpv5-d16 -mfloat-abi=hard -mthumb -o "Application/User/Core/main_routine.o"
arm-none-eabi-gcc "C:/TouchGFXProjects/UWBSurveying/CM7/Core/Src/main_user.c" -mcpu=cortex-m7 -std=gnu11 -g3 -DDEBUG -DCORE_CM7 -DUSE_HAL_DRIVER -DSTM32H745xx -c -I../../../CM7/Core/Inc -I../../../CM7/TouchGFX/App -I../../../CM7/TouchGFX/target/generated -I../../../CM7/TouchGFX/target -I../../../Drivers/STM32H7xx_HAL_Driver/Inc -I../../../Drivers/STM32H7xx_HAL_Driver/Inc/Legacy -I../../../Middlewares/Third_Party/FreeRTOS/Source/include -I../../../Middlewares/Third_Party/FreeRTOS/Source/CMSIS_RTOS_V2 -I../../../Middlewares/Third_Party/FreeRTOS/Source/portable/GCC/ARM_CM4F -I../../../Drivers/CMSIS/Device/ST/STM32H7xx/Include -I../../../Drivers/CMSIS/Include -I../../CM7/../../CM7/Middlewares/ST/touchgfx/framework/include -I../../../Drivers/BSP/STM32H745I-DISCO -I../../../Drivers/BSP/Components/Common -I../../../Drivers/BSP/Components/mt25tl01g -I../../../Drivers/BSP/Components/ft5336 -I../../../Drivers/BSP/Components/mt48lc4m32b2 -I../../CM7/../../CM7/TouchGFX/generated/fonts/include -I../../CM7/../../CM7/TouchGFX/generated/gui_generated/include -I../../CM7/../../CM7/TouchGFX/generated/images/include -I../../CM7/../../CM7/TouchGFX/generated/texts/include -I../../CM7/../../CM7/TouchGFX/generated/videos/include -I../../CM7/../../CM7/TouchGFX/gui/include -I"C:/TouchGFXProjects/UWBSurveying/STM32CubeIDE/CM7/Application/User/Core/usb" -O0 -ffunction-sections -fdata-sections -Wall -fstack-usage -MMD -MP -MF"Application/User/Core/main_user.d" -MT"Application/User/Core/main_user.o" --specs=nano.specs -mfpu=fpv5-d16 -mfloat-abi=hard -mthumb -o "Application/User/Core/main_user.o"
arm-none-eabi-gcc "C:/TouchGFXProjects/UWBSurveying/CM7/Core/Src/stm32h7xx_hal_msp.c" -mcpu=cortex-m7 -std=gnu11 -g3 -DDEBUG -DCORE_CM7 -DUSE_HAL_DRIVER -DSTM32H745xx -c -I../../../CM7/Core/Inc -I../../../CM7/TouchGFX/App -I../../../CM7/TouchGFX/target/generated -I../../../CM7/TouchGFX/target -I../../../Drivers/STM32H7xx_HAL_Driver/Inc -I../../../Drivers/STM32H7xx_HAL_Driver/Inc/Legacy -I../../../Middlewares/Third_Party/FreeRTOS/Source/include -I../../../Middlewares/Third_Party/FreeRTOS/Source/CMSIS_RTOS_V2 -I../../../Middlewares/Third_Party/FreeRTOS/Source/portable/GCC/ARM_CM4F -I../../../Drivers/CMSIS/Device/ST/STM32H7xx/Include -I../../../Drivers/CMSIS/Include -I../../CM7/../../CM7/Middlewares/ST/touchgfx/framework/include -I../../../Drivers/BSP/STM32H745I-DISCO -I../../../Drivers/BSP/Components/Common -I../../../Drivers/BSP/Components/mt25tl01g -I../../../Drivers/BSP/Components/ft5336 -I../../../Drivers/BSP/Components/mt48lc4m32b2 -I../../CM7/../../CM7/TouchGFX/generated/fonts/include -I../../CM7/../../CM7/TouchGFX/generated/gui_generated/include -I../../CM7/../../CM7/TouchGFX/generated/images/include -I../../CM7/../../CM7/TouchGFX/generated/texts/include -I../../CM7/../../CM7/TouchGFX/generated/videos/include -I../../CM7/../../CM7/TouchGFX/gui/include -I"C:/TouchGFXProjects/UWBSurveying/STM32CubeIDE/CM7/Application/User/Core/usb" -O0 -ffunction-sections -fdata-sections -Wall -fstack-usage -MMD -MP -MF"Application/User/Core/stm32h7xx_hal_msp.d" -MT"Application/User/Core/stm32h7xx_hal_msp.o" --specs=nano.specs -mfpu=fpv5-d16 -mfloat-abi=hard -mthumb -o "Application/User/Core/stm32h7xx_hal_msp.o"
arm-none-eabi-gcc "C:/TouchGFXProjects/UWBSurveying/CM7/Core/Src/stm32h7xx_hal_timebase_tim.c" -mcpu=cortex-m7 -std=gnu11 -g3 -DDEBUG -DCORE_CM7 -DUSE_HAL_DRIVER -DSTM32H745xx -c -I../../../CM7/Core/Inc -I../../../CM7/TouchGFX/App -I../../../CM7/TouchGFX/target/generated -I../../../CM7/TouchGFX/target -I../../../Drivers/STM32H7xx_HAL_Driver/Inc -I../../../Drivers/STM32H7xx_HAL_Driver/Inc/Legacy -I../../../Middlewares/Third_Party/FreeRTOS/Source/include -I../../../Middlewares/Third_Party/FreeRTOS/Source/CMSIS_RTOS_V2 -I../../../Middlewares/Third_Party/FreeRTOS/Source/portable/GCC/ARM_CM4F -I../../../Drivers/CMSIS/Device/ST/STM32H7xx/Include -I../../../Drivers/CMSIS/Include -I../../CM7/../../CM7/Middlewares/ST/touchgfx/framework/include -I../../../Drivers/BSP/STM32H745I-DISCO -I../../../Drivers/BSP/Components/Common -I../../../Drivers/BSP/Components/mt25tl01g -I../../../Drivers/BSP/Components/ft5336 -I../../../Drivers/BSP/Components/mt48lc4m32b2 -I../../CM7/../../CM7/TouchGFX/generated/fonts/include -I../../CM7/../../CM7/TouchGFX/generated/gui_generated/include -I../../CM7/../../CM7/TouchGFX/generated/images/include -I../../CM7/../../CM7/TouchGFX/generated/texts/include -I../../CM7/../../CM7/TouchGFX/generated/videos/include -I../../CM7/../../CM7/TouchGFX/gui/include -I"C:/TouchGFXProjects/UWBSurveying/STM32CubeIDE/CM7/Application/User/Core/usb" -O0 -ffunction-sections -fdata-sections -Wall -fstack-usage -MMD -MP -MF"Application/User/Core/stm32h7xx_hal_timebase_tim.d" -MT"Application/User/Core/stm32h7xx_hal_timebase_tim.o" --specs=nano.specs -mfpu=fpv5-d16 -mfloat-abi=hard -mthumb -o "Application/User/Core/stm32h7xx_hal_timebase_tim.o"
arm-none-eabi-gcc "C:/TouchGFXProjects/UWBSurveying/CM7/Core/Src/stm32h7xx_it.c" -mcpu=cortex-m7 -std=gnu11 -g3 -DDEBUG -DCORE_CM7 -DUSE_HAL_DRIVER -DSTM32H745xx -c -I../../../CM7/Core/Inc -I../../../CM7/TouchGFX/App -I../../../CM7/TouchGFX/target/generated -I../../../CM7/TouchGFX/target -I../../../Drivers/STM32H7xx_HAL_Driver/Inc -I../../../Drivers/STM32H7xx_HAL_Driver/Inc/Legacy -I../../../Middlewares/Third_Party/FreeRTOS/Source/include -I../../../Middlewares/Third_Party/FreeRTOS/Source/CMSIS_RTOS_V2 -I../../../Middlewares/Third_Party/FreeRTOS/Source/portable/GCC/ARM_CM4F -I../../../Drivers/CMSIS/Device/ST/STM32H7xx/Include -I../../../Drivers/CMSIS/Include -I../../CM7/../../CM7/Middlewares/ST/touchgfx/framework/include -I../../../Drivers/BSP/STM32H745I-DISCO -I../../../Drivers/BSP/Components/Common -I../../../Drivers/BSP/Components/mt25tl01g -I../../../Drivers/BSP/Components/ft5336 -I../../../Drivers/BSP/Components/mt48lc4m32b2 -I../../CM7/../../CM7/TouchGFX/generated/fonts/include -I../../CM7/../../CM7/TouchGFX/generated/gui_generated/include -I../../CM7/../../CM7/TouchGFX/generated/images/include -I../../CM7/../../CM7/TouchGFX/generated/texts/include -I../../CM7/../../CM7/TouchGFX/generated/videos/include -I../../CM7/../../CM7/TouchGFX/gui/include -I"C:/TouchGFXProjects/UWBSurveying/STM32CubeIDE/CM7/Application/User/Core/usb" -O0 -ffunction-sections -fdata-sections -Wall -fstack-usage -MMD -MP -MF"Application/User/Core/stm32h7xx_it.d" -MT"Application/User/Core/stm32h7xx_it.o" --specs=nano.specs -mfpu=fpv5-d16 -mfloat-abi=hard -mthumb -o "Application/User/Core/stm32h7xx_it.o"
arm-none-eabi-gcc "../Application/User/Core/syscalls.c" -mcpu=cortex-m7 -std=gnu11 -g3 -DDEBUG -DCORE_CM7 -DUSE_HAL_DRIVER -DSTM32H745xx -c -I../../../CM7/Core/Inc -I../../../CM7/TouchGFX/App -I../../../CM7/TouchGFX/target/generated -I../../../CM7/TouchGFX/target -I../../../Drivers/STM32H7xx_HAL_Driver/Inc -I../../../Drivers/STM32H7xx_HAL_Driver/Inc/Legacy -I../../../Middlewares/Third_Party/FreeRTOS/Source/include -I../../../Middlewares/Third_Party/FreeRTOS/Source/CMSIS_RTOS_V2 -I../../../Middlewares/Third_Party/FreeRTOS/Source/portable/GCC/ARM_CM4F -I../../../Drivers/CMSIS/Device/ST/STM32H7xx/Include -I../../../Drivers/CMSIS/Include -I../../CM7/../../CM7/Middlewares/ST/touchgfx/framework/include -I../../../Drivers/BSP/STM32H745I-DISCO -I../../../Drivers/BSP/Components/Common -I../../../Drivers/BSP/Components/mt25tl01g -I../../../Drivers/BSP/Components/ft5336 -I../../../Drivers/BSP/Components/mt48lc4m32b2 -I../../CM7/../../CM7/TouchGFX/generated/fonts/include -I../../CM7/../../CM7/TouchGFX/generated/gui_generated/include -I../../CM7/../../CM7/TouchGFX/generated/images/include -I../../CM7/../../CM7/TouchGFX/generated/texts/include -I../../CM7/../../CM7/TouchGFX/generated/videos/include -I../../CM7/../../CM7/TouchGFX/gui/include -I"C:/TouchGFXProjects/UWBSurveying/STM32CubeIDE/CM7/Application/User/Core/usb" -O0 -ffunction-sections -fdata-sections -Wall -fstack-usage -MMD -MP -MF"Application/User/Core/syscalls.d" -MT"Application/User/Core/syscalls.o" --specs=nano.specs -mfpu=fpv5-d16 -mfloat-abi=hard -mthumb -o "Application/User/Core/syscalls.o"
arm-none-eabi-g++ -o "stm32h745i_disco_CM7.elf" @"objects.list"  -l:libtouchgfx-float-abi-hard.a -mcpu=cortex-m7 -T"C:\TouchGFXProjects\UWBSurveying\STM32CubeIDE\CM7\STM32H745XIHX_FLASH.ld" --specs=nosys.specs -Wl,-Map="stm32h745i_disco_CM7.map" -Wl,--gc-sections -static -LC:/dev/at_dev/at/stm32h745i_disco/STM32H745I_DISCO/CM7/Middlewares/ST/touchgfx/lib/core/cortex_m7/gcc -LC:/git/stm32h745i_disco/STM32H745I_DISCO/CM7/Middlewares/ST/touchgfx/lib/core/cortex_m7/gcc -LC:/TouchGFXProjects/UWBSurveying/CM7/Middlewares/ST/touchgfx/lib/core/cortex_m7/gcc --specs=nano.specs -mfpu=fpv5-d16 -mfloat-abi=hard -mthumb -Wl,--start-group -lc -lm -lstdc++ -lsupc++ -Wl,--end-group
Finished building target: stm32h745i_disco_CM7.elf
 
arm-none-eabi-size   stm32h745i_disco_CM7.elf 
arm-none-eabi-objdump -h -S  stm32h745i_disco_CM7.elf  > "stm32h745i_disco_CM7.list"
arm-none-eabi-objcopy  -O ihex  stm32h745i_disco_CM7.elf  "stm32h745i_disco_CM7.hex"
   text	   data	    bss	    dec	    hex	filename
 221776	    700	 160000	 382476	  5d60c	stm32h745i_disco_CM7.elf
Finished building: default.size.stdout
 
Finished building: stm32h745i_disco_CM7.hex
 
Finished building: stm32h745i_disco_CM7.list
 
17:15:07 **** Incremental Build of configuration Debug for project stm32h745i_disco_CM4 ****
make -j12 all 
arm-none-eabi-size   stm32h745i_disco_CM4.elf 
   text	   data	    bss	    dec	    hex	filename
   3136	     24	   1568	   4728	   1278	stm32h745i_disco_CM4.elf
Finished building: default.size.stdout
 
17:15:30 **** Incremental Build of configuration Debug for project stm32h745i_disco_CM7 ****
make -j12 all 
arm-none-eabi-size   stm32h745i_disco_CM7.elf 
   text	   data	    bss	    dec	    hex	filename
 221776	    700	 160000	 382476	  5d60c	stm32h745i_disco_CM7.elf
Finished building: default.size.stdout
 
